Microchip MPLAB XC8 Compiler V2.31

Linker command line:

-W-3 --edf=C:\Program Files\Microchip\xc8\v2.31\pic\dat\en_msgs.txt -cn \
  -h+dist/default/production\MiniProyecto1.X.production.sym \
  --cmf=dist/default/production\MiniProyecto1.X.production.cmf -z -Q16F887 \
  -oC:\Users\hurta\AppData\Local\Temp\s6ps.2 --defsym=__MPLAB_BUILD=1 \
  -Mdist/default/production/MiniProyecto1.X.production.map -E1 \
  -ver=XC8 Compiler --acfsm=1493 -ASTACK=0110h-016Fh -pstack=STACK \
  -ACODE=00h-07FFhx4 -ASTRCODE=00h-01FFFh -ASTRING=00h-0FFhx32 \
  -ACONST=00h-0FFhx32 -AENTRY=00h-0FFhx32 -ACOMMON=070h-07Fh \
  -ABANK0=020h-06Fh -ABANK1=0A0h-0EFh -ABANK2=0110h-016Fh \
  -ABANK3=0190h-01EFh -ARAM=020h-06Fh,0A0h-0EFh,0110h-016Fh,0190h-01EFh \
  -AABS1=020h-07Fh,0A0h-0EFh,0110h-016Fh,0190h-01EFh -ASFR0=00h-01Fh \
  -ASFR1=080h-09Fh -ASFR2=0100h-010Fh -ASFR3=0180h-018Fh \
  -ACONFIG=02007h-02008h -DCONFIG=2 -AIDLOC=02000h-02003h -DIDLOC=2 \
  -AEEDATA=00h-0FFh/02100h -peeprom_data=EEDATA -DEEDATA=2 -DCODE=2 \
  -DSTRCODE=2 -DSTRING=2 -DCONST=2 -DENTRY=2 \
  -preset_vec=00h,intentry,init,end_init -ppowerup=CODE -pcinit=CODE \
  -pfunctab=ENTRY -k C:\Users\hurta\AppData\Local\Temp\s6ps.o \
  dist/default/production\MiniProyecto1.X.production.o 

Object code version is 3.11

Machine type is 16F887



                Name                               Link     Load   Length Selector   Space Scale
C:\Users\hurta\AppData\Local\Temp\s6ps.o
                end_init                              0        0        3        0       0
                config                             2007     2007        2        0       4
dist/default/production\MiniProyecto1.X.production.o
                cinit                               7CB      7CB       35      F96       0
                config                             2007     2007        2        0       4
                text26                              28D      28D      1DD      51A       0
                text25                              C80      C80       27     1900       0
                text24                              46A      46A      361      8D4       0
                text23                              E0A      E0A       7C     1C14       0
                text22                              E86      E86       BA     1D0C       0
                text21                              D4C      D4C       55     1A98       0
                text20                              DA1      DA1       69     1B42       0
                text19                              C35      C35       25     186A       0
                text18                              B76      B76        A     16EC       0
                text17                              B68      B68        6     16D0       0
                text16                               30       30       FA       60       0
                text15                              BE5      BE5       18     17CA       0
                text14                              BFD      BFD       19     17FA       0
                text13                              B80      B80        B     1700       0
                text12                              CA7      CA7       27     194E       0
                text11                              B8B      B8B        F     1716       0
                text10                                7        7       29        E       0
                text9                               B9A      B9A       12     1734       0
                text8                               C16      C16       1F     182C       0
                text7                               BAC      BAC       12     1758       0
                text6                               C5A      C5A       26     18B4       0
                text5                               BD0      BD0       15     17A0       0
                text4                               D08      D08       44     1A10       0
                text3                               CCE      CCE       3A     199C       0
                text2                               BBE      BBE       12     177C       0
                text1                               12A      12A      163      254       0
                maintext                            F40      F40       C0     1E80       0
                cstackBANK0                          20       20       45       20       1
                cstackCOMMON                         70       70        E       70       1
                clrtext                             B6E      B6E        8     16DC       0
                dataBANK1                            C6       C6        5       A0       1
                bssBANK1                             A0       A0       26       A0       1
                bssBANK0                             65       65        9       20       1
                nvBANK0                              6E       6E        1       20       1
                strings                             800      800       3C     1000       0
                idataBANK1                          B63      B63        5     16C6       0

TOTAL           Name                               Link     Load   Length     Space
        CLASS   STACK          

        CLASS   CODE           
                end_init                              0        0        3         0
                cinit                               7CB      7CB       35         0
                text26                              28D      28D      1DD         0
                text25                              C80      C80       27         0
                text24                              46A      46A      361         0
                text23                              E0A      E0A       7C         0
                text22                              E86      E86       BA         0
                text21                              D4C      D4C       55         0
                text20                              DA1      DA1       69         0
                text19                              C35      C35       25         0
                text18                              B76      B76        A         0
                text17                              B68      B68        6         0
                text16                               30       30       FA         0
                text15                              BE5      BE5       18         0
                text14                              BFD      BFD       19         0
                text13                              B80      B80        B         0
                text12                              CA7      CA7       27         0
                text11                              B8B      B8B        F         0
                text10                                7        7       29         0
                text9                               B9A      B9A       12         0
                text8                               C16      C16       1F         0
                text7                               BAC      BAC       12         0
                text6                               C5A      C5A       26         0
                text5                               BD0      BD0       15         0
                text4                               D08      D08       44         0
                text3                               CCE      CCE       3A         0
                text2                               BBE      BBE       12         0
                text1                               12A      12A      163         0
                maintext                            F40      F40       C0         0
                clrtext                             B6E      B6E        8         0
                idataBANK1                          B63      B63        5         0

        CLASS   STRCODE        

        CLASS   STRING         
                strings                             800      800       3C         0

        CLASS   CONST          

        CLASS   ENTRY          

        CLASS   COMMON         
                cstackCOMMON                         70       70        E         1

        CLASS   BANK0          
                cstackBANK0                          20       20       45         1
                bssBANK0                             65       65        9         1
                nvBANK0                              6E       6E        1         1

        CLASS   BANK1          
                dataBANK1                            C6       C6        5         1
                bssBANK1                             A0       A0       26         1

        CLASS   BANK2          

        CLASS   BANK3          

        CLASS   RAM            

        CLASS   ABS1           
                abs_s1                               7E       7E        2         1

        CLASS   SFR0           

        CLASS   SFR1           

        CLASS   SFR2           

        CLASS   SFR3           

        CLASS   CONFIG         
                config                             2007     2007        2         4

        CLASS   IDLOC          

        CLASS   EEDATA         



SEGMENTS        Name                           Load    Length   Top    Selector   Space  Class     Delta

                reset_vec                      000000  000003  000003         0       0  CODE        2
                text10                         000007  000029  000030         E       0  CODE        2
                cstackBANK0                    000020  00004F  00006F        20       1  BANK0       1
                text16                         000030  0000FA  00012A        60       0  CODE        2
                cstackCOMMON                   000070  00000E  00007E        70       1  COMMON      1
                bssBANK1                       0000A0  00002B  0000CB        A0       1  BANK1       1
                text1                          00012A  000163  00028D       254       0  CODE        2
                text26                         00028D  0001DD  00046A       51A       0  CODE        2
                text24                         00046A  000361  0007CB       8D4       0  CODE        2
                cinit                          0007CB  000035  000800       F96       0  CODE        2
                strings                        000800  00003C  00083C      1000       0  STRING      2
                idataBANK1                     000B63  000005  000B68      16C6       0  CODE        2
                text17                         000B68  000006  000B6E      16D0       0  CODE        2
                clrtext                        000B6E  000008  000B76      16DC       0  CODE        2
                text18                         000B76  00000A  000B80      16EC       0  CODE        2
                text13                         000B80  00000B  000B8B      1700       0  CODE        2
                text11                         000B8B  00000F  000B9A      1716       0  CODE        2
                text9                          000B9A  000012  000BAC      1734       0  CODE        2
                text7                          000BAC  000012  000BBE      1758       0  CODE        2
                text2                          000BBE  000012  000BD0      177C       0  CODE        2
                text5                          000BD0  000015  000BE5      17A0       0  CODE        2
                text15                         000BE5  000018  000BFD      17CA       0  CODE        2
                text14                         000BFD  000019  000C16      17FA       0  CODE        2
                text8                          000C16  00001F  000C35      182C       0  CODE        2
                text19                         000C35  000025  000C5A      186A       0  CODE        2
                text6                          000C5A  000026  000C80      18B4       0  CODE        2
                text25                         000C80  000027  000CA7      1900       0  CODE        2
                text12                         000CA7  000027  000CCE      194E       0  CODE        2
                text3                          000CCE  00003A  000D08      199C       0  CODE        2
                text4                          000D08  000044  000D4C      1A10       0  CODE        2
                text21                         000D4C  000055  000DA1      1A98       0  CODE        2
                text20                         000DA1  000069  000E0A      1B42       0  CODE        2
                text23                         000E0A  00007C  000E86      1C14       0  CODE        2
                text22                         000E86  0000BA  000F40      1D0C       0  CODE        2
                maintext                       000F40  0000C0  001000      1E80       0  CODE        2


UNUSED ADDRESS RANGES

        Name                Unused          Largest block    Delta
        BANK0            006F-006F              1           1
        BANK1            00CB-00EF             25           1
        BANK2            0110-016F             60           1
        BANK3            0190-01EF             60           1
        CODE             0003-0006              4           2
                         083C-0B62            327
                         1000-1FFF            800
        CONST            0003-0006              4           2
                         083C-0B62            100
                         1000-1FFF            100
        EEDATA           2100-21FF            100           2
        ENTRY            0003-0006              4           2
                         083C-0B62            100
                         1000-1FFF            100
        IDLOC            2000-2003              4           2
        RAM              006F-006F              1           1
                         00CB-00EF             25
                         0110-016F             60
                         0190-01EF             60
        SFR0             0000-001F             20           1
        SFR1             0080-009F             20           1
        SFR2             0100-010F             10           1
        SFR3             0180-018F             10           1
        STACK            0110-016F             60           1
        STRCODE          0003-0006              4           2
                         083C-0B62            327
                         1000-1FFF           1000
        STRING           0003-0006              4           2
                         083C-0B62            100
                         1000-1FFF            100

                                  Symbol Table

?__Umul8_16               cstackCOMMON 0070
?___awdiv                 cstackCOMMON 0076
?___fldiv                 cstackBANK0  003A
?___flmul                 cstackBANK0  0020
?___fltol                 cstackBANK0  0054
?___lwdiv                 cstackCOMMON 0070
?___lwmod                 cstackCOMMON 0078
?___wmul                  cstackCOMMON 0070
?___xxtofl                cstackCOMMON 0070
?_sprintf                 cstackBANK0  0020
UART_WRITE@data           cstackCOMMON 0070
UART_Write_Text@i         cstackCOMMON 0075
UART_Write_Text@text      cstackCOMMON 0077
_ADCON0bits               (abs)        001F
_ADCON1bits               (abs)        009F
_ANSEL                    (abs)        0188
_ANSELH                   (abs)        0189
_BAUDCTLbits              (abs)        0187
_ComSPI                   text16       0030
_Contador                 bssBANK0     006B
_ContadorSend             bssBANK1     00C1
_INTCONbits               (abs)        000B
_MapPot                   text21       0D4C
_OSCCONbits               (abs)        008F
_PIE1bits                 (abs)        008C
_PIR1bits                 (abs)        000C
_PORTA                    (abs)        0005
_PORTB                    (abs)        0006
_PORTBbits                (abs)        0006
_PORTC                    (abs)        0007
_PORTD                    (abs)        0008
_PORTE                    (abs)        0009
_Potenciometro            bssBANK0     0065
_PotenciometroLectura     bssBANK0     0067
_PotenciometroSend        bssBANK1     00BC
_RCREG                    (abs)        001A
_RCSTA                    (abs)        0018
_RE0                      (abs)        0048
_RE1                      (abs)        0049
_RE2                      (abs)        004A
_SPBRG                    (abs)        0099
_SPBRGH                   (abs)        009A
_SPIMaster                text15       0BE5
_SSPBUF                   (abs)        0013
_SSPCONbits               (abs)        0014
_SSPSTATbits              (abs)        0094
_SSbit1                   nvBANK0      006E
_TRISA                    (abs)        0085
_TRISAbits                (abs)        0085
_TRISB                    (abs)        0086
_TRISC                    (abs)        0087
_TRISCbits                (abs)        0087
_TRISD                    (abs)        0088
_TRISE                    (abs)        0089
_TXREG                    (abs)        0019
_TXSTA                    (abs)        0098
_TXSTAbits                (abs)        0098
_Temperatura              bssBANK0     0069
_TemperaturaLectura       bssBANK0     006A
_TemperaturaSend          bssBANK1     00B7
_UART_INIT                text14       0BFD
_UART_WRITE               text13       0B80
_UART_Write_Text          text12       0CA7
__Habs1                   abs1         0000
__Hbank0                  bank0        0000
__Hbank1                  bank1        0000
__Hbank2                  bank2        0000
__Hbank3                  bank3        0000
__HbssBANK0               bssBANK0     0000
__HbssBANK1               bssBANK1     0000
__Hcinit                  cinit        0800
__Hclrtext                clrtext      0000
__Hcode                   code         0000
__Hcommon                 common       0000
__Hconfig                 config       2009
__HcstackBANK0            cstackBANK0  0000
__HcstackCOMMON           cstackCOMMON 0000
__HdataBANK1              dataBANK1    0000
__Heeprom_data            eeprom_data  0000
__Hend_init               end_init     0003
__Hfunctab                functab      0000
__HidataBANK1             idataBANK1   0000
__Hinit                   init         0000
__Hintentry               intentry     0000
__Hmaintext               maintext     0000
__HnvBANK0                nvBANK0      0000
__Hpowerup                powerup      0000
__Hram                    ram          0000
__Hreset_vec              reset_vec    0000
__Hsfr0                   sfr0         0000
__Hsfr1                   sfr1         0000
__Hsfr2                   sfr2         0000
__Hsfr3                   sfr3         0000
__Hspace_0                (abs)        1000
__Hspace_1                (abs)        00CB
__Hspace_2                (abs)        0000
__Hspace_3                (abs)        0000
__Hspace_4                (abs)        4010
__Hstack                  stack        0000
__Hstrings                strings      0000
__Htext                   text         0000
__Labs1                   abs1         0000
__Lbank0                  bank0        0000
__Lbank1                  bank1        0000
__Lbank2                  bank2        0000
__Lbank3                  bank3        0000
__LbssBANK0               bssBANK0     0000
__LbssBANK1               bssBANK1     0000
__Lcinit                  cinit        07CB
__Lclrtext                clrtext      0000
__Lcode                   code         0000
__Lcommon                 common       0000
__Lconfig                 config       0000
__LcstackBANK0            cstackBANK0  0000
__LcstackCOMMON           cstackCOMMON 0000
__LdataBANK1              dataBANK1    0000
__Leeprom_data            eeprom_data  0000
__Lend_init               end_init     0000
__Lfunctab                functab      0000
__LidataBANK1             idataBANK1   0000
__Linit                   init         0000
__Lintentry               intentry     0000
__Lmaintext               maintext     0000
__LnvBANK0                nvBANK0      0000
__Lpowerup                powerup      0000
__Lram                    ram          0000
__Lreset_vec              reset_vec    0000
__Lsfr0                   sfr0         0000
__Lsfr1                   sfr1         0000
__Lsfr2                   sfr2         0000
__Lsfr3                   sfr3         0000
__Lspace_0                (abs)        0000
__Lspace_1                (abs)        0000
__Lspace_2                (abs)        0000
__Lspace_3                (abs)        0000
__Lspace_4                (abs)        0000
__Lstack                  stack        0000
__Lstrings                strings      0000
__Ltext                   text         0000
__S0                      (abs)        1000
__S1                      (abs)        00CB
__S2                      (abs)        0000
__S3                      (abs)        0000
__Umul8_16                text25       0C80
__Umul8_16@multiplicand   cstackCOMMON 0070
__Umul8_16@multiplier     cstackCOMMON 0078
__Umul8_16@product        cstackCOMMON 0074
__Umul8_16@word_mpld      cstackCOMMON 0076
___awdiv                  text20       0DA1
___awdiv@counter          cstackBANK0  0020
___awdiv@dividend         cstackCOMMON 0078
___awdiv@divisor          cstackCOMMON 0076
___awdiv@quotient         cstackBANK0  0022
___awdiv@sign             cstackBANK0  0021
___bmul                   text5        0BD0
___bmul@multiplicand      cstackCOMMON 0070
___bmul@multiplier        cstackCOMMON 0073
___bmul@product           cstackCOMMON 0072
___fldiv                  text26       028D
___fldiv@a                cstackBANK0  003A
___fldiv@aexp             cstackBANK0  0053
___fldiv@b                cstackBANK0  003E
___fldiv@bexp             cstackBANK0  0052
___fldiv@grs              cstackBANK0  004E
___fldiv@new_exp          cstackBANK0  004C
___fldiv@rem              cstackBANK0  0047
___fldiv@sign             cstackBANK0  004B
___flmul                  text24       046A
___flmul@a                cstackBANK0  0024
___flmul@aexp             cstackBANK0  0032
___flmul@b                cstackBANK0  0020
___flmul@bexp             cstackBANK0  0033
___flmul@grs              cstackBANK0  002E
___flmul@prod             cstackBANK0  0034
___flmul@sign             cstackBANK0  002D
___flmul@temp             cstackBANK0  0038
___fltol                  text23       0E0A
___fltol@exp1             cstackBANK0  005E
___fltol@f1               cstackBANK0  0054
___fltol@sign1            cstackBANK0  005D
___int_sp                 stack        0000
___latbits                (abs)        0002
___lwdiv                  text4        0D08
___lwdiv@counter          cstackCOMMON 0077
___lwdiv@dividend         cstackCOMMON 0072
___lwdiv@divisor          cstackCOMMON 0070
___lwdiv@quotient         cstackCOMMON 0075
___lwmod                  text3        0CCE
___lwmod@counter          cstackCOMMON 007D
___lwmod@dividend         cstackCOMMON 007A
___lwmod@divisor          cstackCOMMON 0078
___sp                     stack        0000
___stackhi                (abs)        0000
___stacklo                (abs)        0000
___wmul                   text19       0C35
___wmul@multiplicand      cstackCOMMON 0072
___wmul@multiplier        cstackCOMMON 0070
___wmul@product           cstackCOMMON 0074
___xxtofl                 text22       0E86
___xxtofl@arg             cstackCOMMON 007A
___xxtofl@exp             cstackCOMMON 0079
___xxtofl@sign            cstackCOMMON 0078
___xxtofl@val             cstackCOMMON 0070
__end_of_ComSPI           text16       012A
__end_of_MapPot           text21       0DA1
__end_of_SPIMaster        text15       0BFD
__end_of_UART_INIT        text14       0C16
__end_of_UART_WRITE       text13       0B8B
__end_of_UART_Write_Text  text12       0CCE
__end_of__Umul8_16        text25       0CA7
__end_of___awdiv          text20       0E0A
__end_of___bmul           text5        0BE5
__end_of___fldiv          text26       046A
__end_of___flmul          text24       07CB
__end_of___fltol          text23       0E86
__end_of___lwdiv          text4        0D4C
__end_of___lwmod          text3        0D08
__end_of___wmul           text19       0C5A
__end_of___xxtofl         text22       0F40
__end_of__initialization  cinit        07FC
__end_of__stringtab       strings      0810
__end_of_dpowers          strings      081A
__end_of_inicializacion   text8        0C35
__end_of_isdigit          text2        0BD0
__end_of_lcd_cmd          text9        0BAC
__end_of_lcd_dwr          text7        0BBE
__end_of_lcd_lat          text11       0B9A
__end_of_lcd_msg          text6        0C80
__end_of_lcd_ready        text10       0030
__end_of_main             maintext     1000
__end_of_spiRead          text18       0B80
__end_of_spiWrite         text17       0B6E
__end_of_sprintf          text1        028D
__initialization          cinit        07CB
__pbssBANK0               bssBANK0     0065
__pbssBANK1               bssBANK1     00A0
__pcstackBANK0            cstackBANK0  0020
__pcstackCOMMON           cstackCOMMON 0070
__pdataBANK1              dataBANK1    00C6
__pidataBANK1             idataBANK1   0B63
__pmaintext               maintext     0F40
__pnvBANK0                nvBANK0      006E
__pstrings                strings      0800
__ptext1                  text1        012A
__ptext10                 text10       0007
__ptext11                 text11       0B8B
__ptext12                 text12       0CA7
__ptext13                 text13       0B80
__ptext14                 text14       0BFD
__ptext15                 text15       0BE5
__ptext16                 text16       0030
__ptext17                 text17       0B68
__ptext18                 text18       0B76
__ptext19                 text19       0C35
__ptext2                  text2        0BBE
__ptext20                 text20       0DA1
__ptext21                 text21       0D4C
__ptext22                 text22       0E86
__ptext23                 text23       0E0A
__ptext24                 text24       046A
__ptext25                 text25       0C80
__ptext26                 text26       028D
__ptext3                  text3        0CCE
__ptext4                  text4        0D08
__ptext5                  text5        0BD0
__ptext6                  text6        0C5A
__ptext7                  text7        0BAC
__ptext8                  text8        0C16
__ptext9                  text9        0B9A
__size_of_ComSPI          (abs)        0000
__size_of_MapPot          (abs)        0000
__size_of_SPIMaster       (abs)        0000
__size_of_UART_INIT       (abs)        0000
__size_of_UART_WRITE      (abs)        0000
__size_of_UART_Write_Text (abs)        0000
__size_of__Umul8_16       (abs)        0000
__size_of___awdiv         (abs)        0000
__size_of___bmul          (abs)        0000
__size_of___fldiv         (abs)        0000
__size_of___flmul         (abs)        0000
__size_of___fltol         (abs)        0000
__size_of___lwdiv         (abs)        0000
__size_of___lwmod         (abs)        0000
__size_of___wmul          (abs)        0000
__size_of___xxtofl        (abs)        0000
__size_of_inicializacion  (abs)        0000
__size_of_isdigit         (abs)        0000
__size_of_lcd_cmd         (abs)        0000
__size_of_lcd_dwr         (abs)        0000
__size_of_lcd_lat         (abs)        0000
__size_of_lcd_msg         (abs)        0000
__size_of_lcd_ready       (abs)        0000
__size_of_main            (abs)        0000
__size_of_spiRead         (abs)        0000
__size_of_spiWrite        (abs)        0000
__size_of_sprintf         (abs)        0000
__stringbase              strings      080F
__stringtab               strings      0800
_dpowers                  strings      0810
_inicializacion           text8        0C16
_isdigit                  text2        0BBE
_isdigit$1224             cstackCOMMON 0070
_lcd_cmd                  text9        0B9A
_lcd_dwr                  text7        0BAC
_lcd_lat                  text11       0B8B
_lcd_msg                  text6        0C5A
_lcd_ready                text10       0007
_main                     maintext     0F40
_spiRead                  text18       0B76
_spiWrite                 text17       0B68
_sprintf                  text1        012A
btemp                     (abs)        007E
clear_ram0                clrtext      0B6E
end_of_initialization     cinit        07FC
intlevel0                 functab      0000
intlevel1                 functab      0000
intlevel2                 functab      0000
intlevel3                 functab      0000
intlevel4                 functab      0000
intlevel5                 functab      0000
isdigit@c                 cstackCOMMON 0071
lcd_cmd@x                 cstackCOMMON 0072
lcd_dwr@x                 cstackCOMMON 0072
lcd_msg@c                 cstackCOMMON 0073
reset_vec                 reset_vec    0000
spiWrite@dat              cstackCOMMON 0070
sprintf@ap                cstackBANK0  0026
sprintf@c                 cstackBANK0  002C
sprintf@f                 cstackBANK0  0020
sprintf@flag              cstackBANK0  0027
sprintf@prec              cstackBANK0  002B
sprintf@sp                cstackBANK0  002A
sprintf@val               cstackBANK0  0028
start                     init         0000
start_initialization      cinit        07CB
wtemp0                    (abs)        007E


FUNCTION INFORMATION:

 *************** function _main *****************
 Defined at:
		line 76 in file "main.c"
 Parameters:    Size  Location     Type
		None
 Auto vars:     Size  Location     Type
		None
 Return value:  Size  Location     Type
                  1    wreg      void 
 Registers used:
		wreg, fsr0l, fsr0h, status,2, status,0, btemp+1, pclath, cstack
 Tracked objects:
		On entry : 
		On exit  : 
		Unchanged: 
 Data sizes:     COMMON   BANK0   BANK1   BANK3   BANK2
      Params:         0       0       0       0       0
      Locals:         0       0       0       0       0
      Temps:          0       3       0       0       0
      Totals:         0       3       0       0       0
Total ram usage:        3 bytes
 Hardware stack levels required when called:    4
 This function calls:
		_ComSPI
		_SPIMaster
		_UART_INIT
		_UART_Write_Text
		_inicializacion
		_lcd_cmd
		_lcd_msg
		_sprintf
 This function is called by:
		Startup code after reset
 This function uses a non-reentrant model


 *************** function _sprintf *****************
 Defined at:
		line 505 in file "C:\Program Files\Microchip\xc8\v2.31\pic\sources\c90\common\doprnt.c"
 Parameters:    Size  Location     Type
  sp              1    wreg     PTR unsigned char 
		 -> TemperaturaSend(5), PotenciometroSend(5), ContadorSend(5), 
  f               1    0[BANK0 ] PTR const unsigned char 
		 -> STR_4(5), STR_3(5), STR_2(5), 
 Auto vars:     Size  Location     Type
  sp              1   10[BANK0 ] PTR unsigned char 
		 -> TemperaturaSend(5), PotenciometroSend(5), ContadorSend(5), 
  tmpval          4    0        struct .
  val             2    8[BANK0 ] unsigned int 
  cp              2    0        PTR const unsigned char 
  len             2    0        unsigned int 
  c               1   12[BANK0 ] unsigned char 
  prec            1   11[BANK0 ] char 
  flag            1    7[BANK0 ] unsigned char 
  ap              1    6[BANK0 ] PTR void [1]
		 -> ?_sprintf(2), 
 Return value:  Size  Location     Type
                  2    0[BANK0 ] int 
 Registers used:
		wreg, fsr0l, fsr0h, status,2, status,0, btemp+1, pclath, cstack
 Tracked objects:
		On entry : 
		On exit  : 
		Unchanged: 
 Data sizes:     COMMON   BANK0   BANK1   BANK3   BANK2
      Params:         0       3       0       0       0
      Locals:         0       7       0       0       0
      Temps:          0       3       0       0       0
      Totals:         0      13       0       0       0
Total ram usage:       13 bytes
 Hardware stack levels used:    1
 Hardware stack levels required when called:    1
 This function calls:
		___bmul
		___lwdiv
		___lwmod
		_isdigit
 This function is called by:
		_main
 This function uses a non-reentrant model


 *************** function _isdigit *****************
 Defined at:
		line 8 in file "C:\Program Files\Microchip\xc8\v2.31\pic\sources\c90\common\isdigit.c"
 Parameters:    Size  Location     Type
  c               1    wreg     unsigned char 
 Auto vars:     Size  Location     Type
  c               1    1[COMMON] unsigned char 
 Return value:  Size  Location     Type
		None               void
 Registers used:
		wreg, status,2, status,0
 Tracked objects:
		On entry : 
		On exit  : 
		Unchanged: 
 Data sizes:     COMMON   BANK0   BANK1   BANK3   BANK2
      Params:         0       0       0       0       0
      Locals:         2       0       0       0       0
      Temps:          0       0       0       0       0
      Totals:         2       0       0       0       0
Total ram usage:        2 bytes
 Hardware stack levels used:    1
 This function calls:
		Nothing
 This function is called by:
		_sprintf
 This function uses a non-reentrant model


 *************** function ___lwmod *****************
 Defined at:
		line 5 in file "C:\Program Files\Microchip\xc8\v2.31\pic\sources\c90\common\lwmod.c"
 Parameters:    Size  Location     Type
  divisor         2    8[COMMON] unsigned int 
  dividend        2   10[COMMON] unsigned int 
 Auto vars:     Size  Location     Type
  counter         1   13[COMMON] unsigned char 
 Return value:  Size  Location     Type
                  2    8[COMMON] unsigned int 
 Registers used:
		wreg, status,2, status,0
 Tracked objects:
		On entry : 
		On exit  : 
		Unchanged: 
 Data sizes:     COMMON   BANK0   BANK1   BANK3   BANK2
      Params:         4       0       0       0       0
      Locals:         1       0       0       0       0
      Temps:          1       0       0       0       0
      Totals:         6       0       0       0       0
Total ram usage:        6 bytes
 Hardware stack levels used:    1
 This function calls:
		Nothing
 This function is called by:
		_sprintf
 This function uses a non-reentrant model


 *************** function ___lwdiv *****************
 Defined at:
		line 5 in file "C:\Program Files\Microchip\xc8\v2.31\pic\sources\c90\common\lwdiv.c"
 Parameters:    Size  Location     Type
  divisor         2    0[COMMON] unsigned int 
  dividend        2    2[COMMON] unsigned int 
 Auto vars:     Size  Location     Type
  quotient        2    5[COMMON] unsigned int 
  counter         1    7[COMMON] unsigned char 
 Return value:  Size  Location     Type
                  2    0[COMMON] unsigned int 
 Registers used:
		wreg, status,2, status,0
 Tracked objects:
		On entry : 
		On exit  : 
		Unchanged: 
 Data sizes:     COMMON   BANK0   BANK1   BANK3   BANK2
      Params:         4       0       0       0       0
      Locals:         3       0       0       0       0
      Temps:          1       0       0       0       0
      Totals:         8       0       0       0       0
Total ram usage:        8 bytes
 Hardware stack levels used:    1
 This function calls:
		Nothing
 This function is called by:
		_sprintf
 This function uses a non-reentrant model


 *************** function ___bmul *****************
 Defined at:
		line 4 in file "C:\Program Files\Microchip\xc8\v2.31\pic\sources\c90\common\Umul8.c"
 Parameters:    Size  Location     Type
  multiplier      1    wreg     unsigned char 
  multiplicand    1    0[COMMON] unsigned char 
 Auto vars:     Size  Location     Type
  multiplier      1    3[COMMON] unsigned char 
  product         1    2[COMMON] unsigned char 
 Return value:  Size  Location     Type
                  1    wreg      unsigned char 
 Registers used:
		wreg, status,2, status,0
 Tracked objects:
		On entry : 
		On exit  : 
		Unchanged: 
 Data sizes:     COMMON   BANK0   BANK1   BANK3   BANK2
      Params:         1       0       0       0       0
      Locals:         2       0       0       0       0
      Temps:          1       0       0       0       0
      Totals:         4       0       0       0       0
Total ram usage:        4 bytes
 Hardware stack levels used:    1
 This function calls:
		Nothing
 This function is called by:
		_sprintf
 This function uses a non-reentrant model


 *************** function _lcd_msg *****************
 Defined at:
		line 53 in file "LCD.c"
 Parameters:    Size  Location     Type
  c               2    3[COMMON] PTR unsigned char 
		 -> STR_7(3), STR_6(2), STR_5(4), TemperaturaSend(5), 
		 -> PotenciometroSend(5), ContadorSend(5), STR_1(17), 
 Auto vars:     Size  Location     Type
		None
 Return value:  Size  Location     Type
                  1    wreg      void 
 Registers used:
		wreg, fsr0l, fsr0h, status,2, status,0, btemp+1, pclath, cstack
 Tracked objects:
		On entry : 
		On exit  : 
		Unchanged: 
 Data sizes:     COMMON   BANK0   BANK1   BANK3   BANK2
      Params:         2       0       0       0       0
      Locals:         0       0       0       0       0
      Temps:          0       0       0       0       0
      Totals:         2       0       0       0       0
Total ram usage:        2 bytes
 Hardware stack levels used:    1
 Hardware stack levels required when called:    2
 This function calls:
		_lcd_dwr
 This function is called by:
		_main
 This function uses a non-reentrant model


 *************** function _lcd_dwr *****************
 Defined at:
		line 45 in file "LCD.c"
 Parameters:    Size  Location     Type
  x               1    wreg     unsigned char 
 Auto vars:     Size  Location     Type
  x               1    2[COMMON] unsigned char 
 Return value:  Size  Location     Type
                  1    wreg      void 
 Registers used:
		wreg, status,2, status,0, pclath, cstack
 Tracked objects:
		On entry : 
		On exit  : 
		Unchanged: 
 Data sizes:     COMMON   BANK0   BANK1   BANK3   BANK2
      Params:         0       0       0       0       0
      Locals:         1       0       0       0       0
      Temps:          0       0       0       0       0
      Totals:         1       0       0       0       0
Total ram usage:        1 bytes
 Hardware stack levels used:    1
 Hardware stack levels required when called:    1
 This function calls:
		_lcd_lat
		_lcd_ready
 This function is called by:
		_lcd_msg
 This function uses a non-reentrant model


 *************** function _inicializacion *****************
 Defined at:
		line 58 in file "LCD.c"
 Parameters:    Size  Location     Type
		None
 Auto vars:     Size  Location     Type
		None
 Return value:  Size  Location     Type
                  1    wreg      void 
 Registers used:
		wreg, status,2, status,0, pclath, cstack
 Tracked objects:
		On entry : 
		On exit  : 
		Unchanged: 
 Data sizes:     COMMON   BANK0   BANK1   BANK3   BANK2
      Params:         0       0       0       0       0
      Locals:         0       0       0       0       0
      Temps:          0       0       0       0       0
      Totals:         0       0       0       0       0
Total ram usage:        0 bytes
 Hardware stack levels used:    1
 Hardware stack levels required when called:    2
 This function calls:
		_lcd_cmd
 This function is called by:
		_main
 This function uses a non-reentrant model


 *************** function _lcd_cmd *****************
 Defined at:
		line 15 in file "LCD.c"
 Parameters:    Size  Location     Type
  x               1    wreg     unsigned char 
 Auto vars:     Size  Location     Type
  x               1    2[COMMON] unsigned char 
 Return value:  Size  Location     Type
                  1    wreg      void 
 Registers used:
		wreg, status,2, status,0, pclath, cstack
 Tracked objects:
		On entry : 
		On exit  : 
		Unchanged: 
 Data sizes:     COMMON   BANK0   BANK1   BANK3   BANK2
      Params:         0       0       0       0       0
      Locals:         1       0       0       0       0
      Temps:          0       0       0       0       0
      Totals:         1       0       0       0       0
Total ram usage:        1 bytes
 Hardware stack levels used:    1
 Hardware stack levels required when called:    1
 This function calls:
		_lcd_lat
		_lcd_ready
 This function is called by:
		_inicializacion
		_main
 This function uses a non-reentrant model


 *************** function _lcd_ready *****************
 Defined at:
		line 28 in file "LCD.c"
 Parameters:    Size  Location     Type
		None
 Auto vars:     Size  Location     Type
		None
 Return value:  Size  Location     Type
                  1    wreg      void 
 Registers used:
		wreg, status,2, status,0
 Tracked objects:
		On entry : 
		On exit  : 
		Unchanged: 
 Data sizes:     COMMON   BANK0   BANK1   BANK3   BANK2
      Params:         0       0       0       0       0
      Locals:         0       0       0       0       0
      Temps:          2       0       0       0       0
      Totals:         2       0       0       0       0
Total ram usage:        2 bytes
 Hardware stack levels used:    1
 This function calls:
		Nothing
 This function is called by:
		_lcd_cmd
		_lcd_dwr
 This function uses a non-reentrant model


 *************** function _lcd_lat *****************
 Defined at:
		line 23 in file "LCD.c"
 Parameters:    Size  Location     Type
		None
 Auto vars:     Size  Location     Type
		None
 Return value:  Size  Location     Type
                  1    wreg      void 
 Registers used:
		wreg
 Tracked objects:
		On entry : 
		On exit  : 
		Unchanged: 
 Data sizes:     COMMON   BANK0   BANK1   BANK3   BANK2
      Params:         0       0       0       0       0
      Locals:         0       0       0       0       0
      Temps:          2       0       0       0       0
      Totals:         2       0       0       0       0
Total ram usage:        2 bytes
 Hardware stack levels used:    1
 This function calls:
		Nothing
 This function is called by:
		_lcd_cmd
		_lcd_dwr
 This function uses a non-reentrant model


 *************** function _UART_Write_Text *****************
 Defined at:
		line 39 in file "eusart.c"
 Parameters:    Size  Location     Type
  text            1    wreg     PTR unsigned char 
		 -> ContadorSend(5), 
 Auto vars:     Size  Location     Type
  text            1    7[COMMON] PTR unsigned char 
		 -> ContadorSend(5), 
  i               2    5[COMMON] int 
 Return value:  Size  Location     Type
                  1    wreg      void 
 Registers used:
		wreg, fsr0l, fsr0h, status,2, status,0, pclath, cstack
 Tracked objects:
		On entry : 
		On exit  : 
		Unchanged: 
 Data sizes:     COMMON   BANK0   BANK1   BANK3   BANK2
      Params:         0       0       0       0       0
      Locals:         3       0       0       0       0
      Temps:          3       0       0       0       0
      Totals:         6       0       0       0       0
Total ram usage:        6 bytes
 Hardware stack levels used:    1
 Hardware stack levels required when called:    1
 This function calls:
		_UART_WRITE
 This function is called by:
		_main
 This function uses a non-reentrant model


 *************** function _UART_WRITE *****************
 Defined at:
		line 25 in file "eusart.c"
 Parameters:    Size  Location     Type
  data            2    0[COMMON] int 
 Auto vars:     Size  Location     Type
		None
 Return value:  Size  Location     Type
                  1    wreg      void 
 Registers used:
		wreg
 Tracked objects:
		On entry : 
		On exit  : 
		Unchanged: 
 Data sizes:     COMMON   BANK0   BANK1   BANK3   BANK2
      Params:         2       0       0       0       0
      Locals:         0       0       0       0       0
      Temps:          0       0       0       0       0
      Totals:         2       0       0       0       0
Total ram usage:        2 bytes
 Hardware stack levels used:    1
 This function calls:
		Nothing
 This function is called by:
		_UART_Write_Text
 This function uses a non-reentrant model


 *************** function _UART_INIT *****************
 Defined at:
		line 5 in file "eusart.c"
 Parameters:    Size  Location     Type
		None
 Auto vars:     Size  Location     Type
		None
 Return value:  Size  Location     Type
                  1    wreg      void 
 Registers used:
		wreg, status,2
 Tracked objects:
		On entry : 
		On exit  : 
		Unchanged: 
 Data sizes:     COMMON   BANK0   BANK1   BANK3   BANK2
      Params:         0       0       0       0       0
      Locals:         0       0       0       0       0
      Temps:          0       0       0       0       0
      Totals:         0       0       0       0       0
Total ram usage:        0 bytes
 Hardware stack levels used:    1
 This function calls:
		Nothing
 This function is called by:
		_main
 This function uses a non-reentrant model


 *************** function _SPIMaster *****************
 Defined at:
		line 26 in file "spi.c"
 Parameters:    Size  Location     Type
		None
 Auto vars:     Size  Location     Type
		None
 Return value:  Size  Location     Type
                  1    wreg      void 
 Registers used:
		wreg, status,2, status,0
 Tracked objects:
		On entry : 
		On exit  : 
		Unchanged: 
 Data sizes:     COMMON   BANK0   BANK1   BANK3   BANK2
      Params:         0       0       0       0       0
      Locals:         0       0       0       0       0
      Temps:          0       0       0       0       0
      Totals:         0       0       0       0       0
Total ram usage:        0 bytes
 Hardware stack levels used:    1
 This function calls:
		Nothing
 This function is called by:
		_main
 This function uses a non-reentrant model


 *************** function _ComSPI *****************
 Defined at:
		line 139 in file "main.c"
 Parameters:    Size  Location     Type
		None
 Auto vars:     Size  Location     Type
		None
 Return value:  Size  Location     Type
                  1    wreg      void 
 Registers used:
		wreg, status,2, status,0, btemp+1, pclath, cstack
 Tracked objects:
		On entry : 
		On exit  : 
		Unchanged: 
 Data sizes:     COMMON   BANK0   BANK1   BANK3   BANK2
      Params:         0       0       0       0       0
      Locals:         0       0       0       0       0
      Temps:          0       3       0       0       0
      Totals:         0       3       0       0       0
Total ram usage:        3 bytes
 Hardware stack levels used:    1
 Hardware stack levels required when called:    3
 This function calls:
		_MapPot
		___awdiv
		___wmul
		_spiRead
		_spiWrite
 This function is called by:
		_main
 This function uses a non-reentrant model


 *************** function _spiWrite *****************
 Defined at:
		line 68 in file "spi.c"
 Parameters:    Size  Location     Type
  dat             1    wreg     unsigned char 
 Auto vars:     Size  Location     Type
  dat             1    0[COMMON] unsigned char 
 Return value:  Size  Location     Type
                  1    wreg      void 
 Registers used:
		wreg
 Tracked objects:
		On entry : 
		On exit  : 
		Unchanged: 
 Data sizes:     COMMON   BANK0   BANK1   BANK3   BANK2
      Params:         0       0       0       0       0
      Locals:         1       0       0       0       0
      Temps:          0       0       0       0       0
      Totals:         1       0       0       0       0
Total ram usage:        1 bytes
 Hardware stack levels used:    1
 This function calls:
		Nothing
 This function is called by:
		_ComSPI
 This function uses a non-reentrant model


 *************** function _spiRead *****************
 Defined at:
		line 63 in file "spi.c"
 Parameters:    Size  Location     Type
		None
 Auto vars:     Size  Location     Type
		None
 Return value:  Size  Location     Type
                  1    wreg      unsigned char 
 Registers used:
		wreg
 Tracked objects:
		On entry : 
		On exit  : 
		Unchanged: 
 Data sizes:     COMMON   BANK0   BANK1   BANK3   BANK2
      Params:         0       0       0       0       0
      Locals:         0       0       0       0       0
      Temps:          0       0       0       0       0
      Totals:         0       0       0       0       0
Total ram usage:        0 bytes
 Hardware stack levels used:    1
 This function calls:
		Nothing
 This function is called by:
		_ComSPI
 This function uses a non-reentrant model


 *************** function ___wmul *****************
 Defined at:
		line 15 in file "C:\Program Files\Microchip\xc8\v2.31\pic\sources\c90\common\Umul16.c"
 Parameters:    Size  Location     Type
  multiplier      2    0[COMMON] unsigned int 
  multiplicand    2    2[COMMON] unsigned int 
 Auto vars:     Size  Location     Type
  product         2    4[COMMON] unsigned int 
 Return value:  Size  Location     Type
                  2    0[COMMON] unsigned int 
 Registers used:
		wreg, status,2, status,0
 Tracked objects:
		On entry : 
		On exit  : 
		Unchanged: 
 Data sizes:     COMMON   BANK0   BANK1   BANK3   BANK2
      Params:         4       0       0       0       0
      Locals:         2       0       0       0       0
      Temps:          0       0       0       0       0
      Totals:         6       0       0       0       0
Total ram usage:        6 bytes
 Hardware stack levels used:    1
 This function calls:
		Nothing
 This function is called by:
		_ComSPI
 This function uses a non-reentrant model


 *************** function ___awdiv *****************
 Defined at:
		line 5 in file "C:\Program Files\Microchip\xc8\v2.31\pic\sources\c90\common\awdiv.c"
 Parameters:    Size  Location     Type
  divisor         2    6[COMMON] int 
  dividend        2    8[COMMON] int 
 Auto vars:     Size  Location     Type
  quotient        2    2[BANK0 ] int 
  sign            1    1[BANK0 ] unsigned char 
  counter         1    0[BANK0 ] unsigned char 
 Return value:  Size  Location     Type
                  2    6[COMMON] int 
 Registers used:
		wreg, status,2, status,0
 Tracked objects:
		On entry : 
		On exit  : 
		Unchanged: 
 Data sizes:     COMMON   BANK0   BANK1   BANK3   BANK2
      Params:         4       0       0       0       0
      Locals:         0       4       0       0       0
      Temps:          1       0       0       0       0
      Totals:         5       4       0       0       0
Total ram usage:        9 bytes
 Hardware stack levels used:    1
 This function calls:
		Nothing
 This function is called by:
		_ComSPI
 This function uses a non-reentrant model


 *************** function _MapPot *****************
 Defined at:
		line 181 in file "main.c"
 Parameters:    Size  Location     Type
		None
 Auto vars:     Size  Location     Type
		None
 Return value:  Size  Location     Type
                  1    wreg      void 
 Registers used:
		wreg, status,2, status,0, btemp+1, pclath, cstack
 Tracked objects:
		On entry : 
		On exit  : 
		Unchanged: 
 Data sizes:     COMMON   BANK0   BANK1   BANK3   BANK2
      Params:         0       0       0       0       0
      Locals:         0       0       0       0       0
      Temps:          0       0       0       0       0
      Totals:         0       0       0       0       0
Total ram usage:        0 bytes
 Hardware stack levels used:    1
 Hardware stack levels required when called:    2
 This function calls:
		___fldiv
		___flmul
		___fltol
		___xxtofl
 This function is called by:
		_ComSPI
 This function uses a non-reentrant model


 *************** function ___xxtofl *****************
 Defined at:
		line 10 in file "C:\Program Files\Microchip\xc8\v2.31\pic\sources\c90\common\xxtofl.c"
 Parameters:    Size  Location     Type
  sign            1    wreg     unsigned char 
  val             4    0[COMMON] long 
 Auto vars:     Size  Location     Type
  sign            1    8[COMMON] unsigned char 
  arg             4   10[COMMON] unsigned long 
  exp             1    9[COMMON] unsigned char 
 Return value:  Size  Location     Type
                  4    0[COMMON] unsigned char 
 Registers used:
		wreg, status,2, status,0
 Tracked objects:
		On entry : 
		On exit  : 
		Unchanged: 
 Data sizes:     COMMON   BANK0   BANK1   BANK3   BANK2
      Params:         4       0       0       0       0
      Locals:         6       0       0       0       0
      Temps:          4       0       0       0       0
      Totals:        14       0       0       0       0
Total ram usage:       14 bytes
 Hardware stack levels used:    1
 This function calls:
		Nothing
 This function is called by:
		_MapPot
 This function uses a non-reentrant model


 *************** function ___fltol *****************
 Defined at:
		line 43 in file "C:\Program Files\Microchip\xc8\v2.31\pic\sources\c90\common\fltol.c"
 Parameters:    Size  Location     Type
  f1              4   52[BANK0 ] unsigned char 
 Auto vars:     Size  Location     Type
  exp1            1   62[BANK0 ] unsigned char 
  sign1           1   61[BANK0 ] unsigned char 
 Return value:  Size  Location     Type
                  4   52[BANK0 ] long 
 Registers used:
		wreg, status,2, status,0
 Tracked objects:
		On entry : 
		On exit  : 
		Unchanged: 
 Data sizes:     COMMON   BANK0   BANK1   BANK3   BANK2
      Params:         0       4       0       0       0
      Locals:         0       2       0       0       0
      Temps:          0       5       0       0       0
      Totals:         0      11       0       0       0
Total ram usage:       11 bytes
 Hardware stack levels used:    1
 This function calls:
		Nothing
 This function is called by:
		_MapPot
 This function uses a non-reentrant model


 *************** function ___flmul *****************
 Defined at:
		line 8 in file "C:\Program Files\Microchip\xc8\v2.31\pic\sources\c90\common\sprcmul.c"
 Parameters:    Size  Location     Type
  b               4    0[BANK0 ] long 
  a               4    4[BANK0 ] long 
 Auto vars:     Size  Location     Type
  prod            4   20[BANK0 ] struct .
  grs             4   14[BANK0 ] unsigned long 
  temp            2   24[BANK0 ] struct .
  bexp            1   19[BANK0 ] unsigned char 
  aexp            1   18[BANK0 ] unsigned char 
  sign            1   13[BANK0 ] unsigned char 
 Return value:  Size  Location     Type
                  4    0[BANK0 ] unsigned char 
 Registers used:
		wreg, status,2, status,0, btemp+1, pclath, cstack
 Tracked objects:
		On entry : 
		On exit  : 
		Unchanged: 
 Data sizes:     COMMON   BANK0   BANK1   BANK3   BANK2
      Params:         0       8       0       0       0
      Locals:         0      13       0       0       0
      Temps:          0       5       0       0       0
      Totals:         0      26       0       0       0
Total ram usage:       26 bytes
 Hardware stack levels used:    1
 Hardware stack levels required when called:    1
 This function calls:
		__Umul8_16
 This function is called by:
		_MapPot
 This function uses a non-reentrant model


 *************** function __Umul8_16 *****************
 Defined at:
		line 4 in file "C:\Program Files\Microchip\xc8\v2.31\pic\sources\c90\common\Umul8_16.c"
 Parameters:    Size  Location     Type
  multiplier      1    wreg     unsigned char 
  multiplicand    1    0[COMMON] unsigned char 
 Auto vars:     Size  Location     Type
  multiplier      1    8[COMMON] unsigned char 
  word_mpld       2    6[COMMON] unsigned int 
  product         2    4[COMMON] unsigned int 
 Return value:  Size  Location     Type
                  2    0[COMMON] unsigned int 
 Registers used:
		wreg, status,2, status,0
 Tracked objects:
		On entry : 
		On exit  : 
		Unchanged: 
 Data sizes:     COMMON   BANK0   BANK1   BANK3   BANK2
      Params:         2       0       0       0       0
      Locals:         5       0       0       0       0
      Temps:          2       0       0       0       0
      Totals:         9       0       0       0       0
Total ram usage:        9 bytes
 Hardware stack levels used:    1
 This function calls:
		Nothing
 This function is called by:
		___flmul
 This function uses a non-reentrant model


 *************** function ___fldiv *****************
 Defined at:
		line 8 in file "C:\Program Files\Microchip\xc8\v2.31\pic\sources\c90\common\sprcdiv.c"
 Parameters:    Size  Location     Type
  a               4   26[BANK0 ] unsigned int 
  b               4   30[BANK0 ] unsigned int 
 Auto vars:     Size  Location     Type
  grs             4   46[BANK0 ] unsigned long 
  rem             4   39[BANK0 ] unsigned long 
  new_exp         2   44[BANK0 ] int 
  aexp            1   51[BANK0 ] unsigned char 
  bexp            1   50[BANK0 ] unsigned char 
  sign            1   43[BANK0 ] unsigned char 
 Return value:  Size  Location     Type
                  4   26[BANK0 ] unsigned char 
 Registers used:
		wreg, status,2, status,0, btemp+1
 Tracked objects:
		On entry : 
		On exit  : 
		Unchanged: 
 Data sizes:     COMMON   BANK0   BANK1   BANK3   BANK2
      Params:         0       8       0       0       0
      Locals:         0      13       0       0       0
      Temps:          0       5       0       0       0
      Totals:         0      26       0       0       0
Total ram usage:       26 bytes
 Hardware stack levels used:    1
 This function calls:
		Nothing
 This function is called by:
		_MapPot
 This function uses a non-reentrant model



MODULE INFORMATION

Module		Function		Class		Link	Load	Size
C:\Program Files\Microchip\xc8\v2.31\pic\sources\c90\common\sprcmul.c
		___flmul       		CODE           	046A	0000	865

C:\Program Files\Microchip\xc8\v2.31\pic\sources\c90\common\sprcmul.c estimated size: 865

C:\Program Files\Microchip\xc8\v2.31\pic\sources\c90\common\sprcdiv.c
		___fldiv       		CODE           	028D	0000	477

C:\Program Files\Microchip\xc8\v2.31\pic\sources\c90\common\sprcdiv.c estimated size: 477

C:\Program Files\Microchip\xc8\v2.31\pic\sources\c90\common\Umul8_16.c
		__Umul8_16     		CODE           	0C80	0000	39

C:\Program Files\Microchip\xc8\v2.31\pic\sources\c90\common\Umul8_16.c estimated size: 39

C:\Program Files\Microchip\xc8\v2.31\pic\sources\c90\common\doprnt.c
		_sprintf       		CODE           	012A	0000	355

C:\Program Files\Microchip\xc8\v2.31\pic\sources\c90\common\doprnt.c estimated size: 355

eusart.c
		_UART_INIT     		CODE           	0BFD	0000	25
		_UART_Write_Text		CODE           	0CA7	0000	39
		_UART_WRITE    		CODE           	0B80	0000	11

eusart.c estimated size: 75

C:\Program Files\Microchip\xc8\v2.31\pic\sources\c90\common\lwmod.c
		___lwmod       		CODE           	0CCE	0000	58

C:\Program Files\Microchip\xc8\v2.31\pic\sources\c90\common\lwmod.c estimated size: 58

C:\Program Files\Microchip\xc8\v2.31\pic\sources\c90\common\Umul16.c
		___wmul        		CODE           	0C35	0000	37

C:\Program Files\Microchip\xc8\v2.31\pic\sources\c90\common\Umul16.c estimated size: 37

C:\Program Files\Microchip\xc8\v2.31\pic\sources\c90\common\isdigit.c
		_isdigit       		CODE           	0BBE	0000	18

C:\Program Files\Microchip\xc8\v2.31\pic\sources\c90\common\isdigit.c estimated size: 18

spi.c
		_spiWrite      		CODE           	0B68	0000	6
		_SPIMaster     		CODE           	0BE5	0000	24
		_spiRead       		CODE           	0B76	0000	10

spi.c estimated size: 40

C:\Program Files\Microchip\xc8\v2.31\pic\sources\c90\common\lwdiv.c
		___lwdiv       		CODE           	0D08	0000	68

C:\Program Files\Microchip\xc8\v2.31\pic\sources\c90\common\lwdiv.c estimated size: 68

C:\Program Files\Microchip\xc8\v2.31\pic\sources\c90\common\awdiv.c
		___awdiv       		CODE           	0DA1	0000	105

C:\Program Files\Microchip\xc8\v2.31\pic\sources\c90\common\awdiv.c estimated size: 105

shared
		__stringtab    		STRING         	0800	0000	16
		_dpowers       		STRING         	0810	0000	10
		__initialization		CODE           	07CB	0000	49

shared estimated size: 75

C:\Program Files\Microchip\xc8\v2.31\pic\sources\c90\common\fltol.c
		___fltol       		CODE           	0E0A	0000	124

C:\Program Files\Microchip\xc8\v2.31\pic\sources\c90\common\fltol.c estimated size: 124

C:\Program Files\Microchip\xc8\v2.31\pic\sources\c90\common\xxtofl.c
		___xxtofl      		CODE           	0E86	0000	186

C:\Program Files\Microchip\xc8\v2.31\pic\sources\c90\common\xxtofl.c estimated size: 186

C:\Program Files\Microchip\xc8\v2.31\pic\sources\c90\common\Umul8.c
		___bmul        		CODE           	0BD0	0000	21

C:\Program Files\Microchip\xc8\v2.31\pic\sources\c90\common\Umul8.c estimated size: 21

main.c
		_main          		CODE           	0F40	0000	192
		_MapPot        		CODE           	0D4C	0000	85
		_ComSPI        		CODE           	0030	0000	250

main.c estimated size: 527

LCD.c
		_lcd_cmd       		CODE           	0B9A	0000	18
		_lcd_dwr       		CODE           	0BAC	0000	18
		_lcd_lat       		CODE           	0B8B	0000	15
		_inicializacion		CODE           	0C16	0000	31
		_lcd_ready     		CODE           	0007	0000	41
		_lcd_msg       		CODE           	0C5A	0000	38

LCD.c estimated size: 161

