Microchip MPLAB XC8 Compiler V2.31

Linker command line:

-W-3 --edf=C:\Program Files\Microchip\xc8\v2.31\pic\dat\en_msgs.txt -cn \
  -h+dist/default/production\MPLabx.production.sym \
  --cmf=dist/default/production\MPLabx.production.cmf -z -Q16F887 \
  -oC:\Users\hurta\AppData\Local\Temp\s480.2 --defsym=__MPLAB_BUILD=1 \
  -Mdist/default/production/MPLabx.production.map -E1 -ver=XC8 Compiler \
  --acfsm=1493 -ASTACK=0110h-016Fh -pstack=STACK -ACODE=00h-07FFhx4 \
  -ASTRCODE=00h-01FFFh -ASTRING=00h-0FFhx32 -ACONST=00h-0FFhx32 \
  -AENTRY=00h-0FFhx32 -ACOMMON=070h-07Fh -ABANK0=020h-06Fh \
  -ABANK1=0A0h-0EFh -ABANK2=0110h-016Fh -ABANK3=0190h-01EFh \
  -ARAM=020h-06Fh,0A0h-0EFh,0110h-016Fh,0190h-01EFh \
  -AABS1=020h-07Fh,0A0h-0EFh,0110h-016Fh,0190h-01EFh -ASFR0=00h-01Fh \
  -ASFR1=080h-09Fh -ASFR2=0100h-010Fh -ASFR3=0180h-018Fh \
  -ACONFIG=02007h-02008h -DCONFIG=2 -AIDLOC=02000h-02003h -DIDLOC=2 \
  -AEEDATA=00h-0FFh/02100h -peeprom_data=EEDATA -DEEDATA=2 -DCODE=2 \
  -DSTRCODE=2 -DSTRING=2 -DCONST=2 -DENTRY=2 \
  -preset_vec=00h,intentry=04h,init,end_init -ppowerup=CODE -pcinit=CODE \
  -pfunctab=ENTRY -k C:\Users\hurta\AppData\Local\Temp\s480.o \
  dist/default/production\MPLabx.production.o 

Object code version is 3.11

Machine type is 16F887



                Name                               Link     Load   Length Selector   Space Scale
C:\Users\hurta\AppData\Local\Temp\s480.o
                end_init                              C        C        3        8       0
                reset_vec                             0        0        3        0       0
                config                             2007     2007        2        0       4
dist/default/production\MPLabx.production.o
                cinit                                 F        F       18        8       0
                intentry                              4        4        8        8       0
                config                             2007     2007        2        0       4
                text23                              B27      B27       20     164E       0
                text22                              AF1      AF1       17     15E2       0
                text21                              D48      D48       69     1A90       0
                text20                              CED      CED       5B     19DA       0
                text19                              E23      E23      1DD     1C46       0
                text18                              BB4      BB4       29     1768       0
                text17                               27       27      361        8       0
                text16                              77F      77F       7C        8       0
                text15                              6C3      6C3       BC        8       0
                text14                              CA7      CA7       46     194E       0
                text13                              C6B      C6B       3C     18D6       0
                text12                              DB1      DB1       72     1B62       0
                text11                              B68      B68       26     16D0       0
                text10                              AA9      AA9        F     1552       0
                text9                               BDD      BDD       29     17BA       0
                text8                               AB8      AB8       12     1570       0
                text7                               ACA      ACA       12     1594       0
                text6                               B8E      B8E       26     171C       0
                text5                               C37      C37       34     186E       0
                text4                               B47      B47       21     168E       0
                text3                               388      388      33B        8       0
                text2                               ADC      ADC       15     15B8       0
                text1                               B08      B08       1F     1610       0
                maintext                            C06      C06       31     180C       0
                cstackBANK0                          20       20       3E       20       1
                cstackCOMMON                         70       70        8       70       1
                cstackBANK1                          D9       D9        4       A0       1
                clrtext                             AA1      AA1        8     1542       0
                bssBANK1                             A0       A0       39       A0       1
                bssBANK0                             5E       5E       12       20       1
                bssCOMMON                            78       78        3       70       1
                strings                             800      800       23     1000       0

TOTAL           Name                               Link     Load   Length     Space
        CLASS   STACK          

        CLASS   CODE           
                end_init                              C        C        3         0
                cinit                                 F        F       18         0
                intentry                              4        4        8         0
                reset_vec                             0        0        3         0
                text23                              B27      B27       20         0
                text22                              AF1      AF1       17         0
                text21                              D48      D48       69         0
                text20                              CED      CED       5B         0
                text19                              E23      E23      1DD         0
                text18                              BB4      BB4       29         0
                text17                               27       27      361         0
                text16                              77F      77F       7C         0
                text15                              6C3      6C3       BC         0
                text14                              CA7      CA7       46         0
                text13                              C6B      C6B       3C         0
                text12                              DB1      DB1       72         0
                text11                              B68      B68       26         0
                text10                              AA9      AA9        F         0
                text9                               BDD      BDD       29         0
                text8                               AB8      AB8       12         0
                text7                               ACA      ACA       12         0
                text6                               B8E      B8E       26         0
                text5                               C37      C37       34         0
                text4                               B47      B47       21         0
                text3                               388      388      33B         0
                text2                               ADC      ADC       15         0
                text1                               B08      B08       1F         0
                maintext                            C06      C06       31         0
                clrtext                             AA1      AA1        8         0

        CLASS   STRCODE        

        CLASS   STRING         
                strings                             800      800       23         0

        CLASS   CONST          

        CLASS   ENTRY          

        CLASS   COMMON         
                cstackCOMMON                         70       70        8         1
                bssCOMMON                            78       78        3         1

        CLASS   BANK0          
                cstackBANK0                          20       20       3E         1
                bssBANK0                             5E       5E       12         1

        CLASS   BANK1          
                cstackBANK1                          D9       D9        4         1
                bssBANK1                             A0       A0       39         1

        CLASS   BANK2          

        CLASS   BANK3          

        CLASS   RAM            

        CLASS   ABS1           
                abs_s1                               7E       7E        2         1

        CLASS   SFR0           

        CLASS   SFR1           

        CLASS   SFR2           

        CLASS   SFR3           

        CLASS   CONFIG         
                config                             2007     2007        2         4

        CLASS   IDLOC          

        CLASS   EEDATA         



SEGMENTS        Name                           Load    Length   Top    Selector   Space  Class     Delta

                reset_vec                      000000  000003  000003         0       0  CODE        2
                intentry                       000004  0007F7  0007FB         8       0  CODE        2
                cstackBANK0                    000020  000050  000070        20       1  BANK0       1
                cstackCOMMON                   000070  00000B  00007B        70       1  COMMON      1
                bssBANK1                       0000A0  00003D  0000DD        A0       1  BANK1       1
                strings                        000800  000023  000823      1000       0  STRING      2
                clrtext                        000AA1  000008  000AA9      1542       0  CODE        2
                text10                         000AA9  00000F  000AB8      1552       0  CODE        2
                text8                          000AB8  000012  000ACA      1570       0  CODE        2
                text7                          000ACA  000012  000ADC      1594       0  CODE        2
                text2                          000ADC  000015  000AF1      15B8       0  CODE        2
                text22                         000AF1  000017  000B08      15E2       0  CODE        2
                text1                          000B08  00001F  000B27      1610       0  CODE        2
                text23                         000B27  000020  000B47      164E       0  CODE        2
                text4                          000B47  000021  000B68      168E       0  CODE        2
                text11                         000B68  000026  000B8E      16D0       0  CODE        2
                text6                          000B8E  000026  000BB4      171C       0  CODE        2
                text18                         000BB4  000029  000BDD      1768       0  CODE        2
                text9                          000BDD  000029  000C06      17BA       0  CODE        2
                maintext                       000C06  000031  000C37      180C       0  CODE        2
                text5                          000C37  000034  000C6B      186E       0  CODE        2
                text13                         000C6B  00003C  000CA7      18D6       0  CODE        2
                text14                         000CA7  000046  000CED      194E       0  CODE        2
                text20                         000CED  00005B  000D48      19DA       0  CODE        2
                text21                         000D48  000069  000DB1      1A90       0  CODE        2
                text12                         000DB1  000072  000E23      1B62       0  CODE        2
                text19                         000E23  0001DD  001000      1C46       0  CODE        2


UNUSED ADDRESS RANGES

        Name                Unused          Largest block    Delta
        BANK1            00DD-00EF             13           1
        BANK2            0110-016F             60           1
        BANK3            0190-01EF             60           1
        CODE             0003-0003              1           2
                         07FB-07FF              5
                         0823-0AA0            27E
                         1000-1FFF            800
        COMMON           007B-007D              3           1
        CONST            0003-0003              1           2
                         07FB-07FF              5
                         0823-0AA0            100
                         1000-1FFF            100
        EEDATA           2100-21FF            100           2
        ENTRY            0003-0003              1           2
                         07FB-07FF              5
                         0823-0AA0            100
                         1000-1FFF            100
        IDLOC            2000-2003              4           2
        RAM              00DD-00EF             13           1
                         0110-016F             60
                         0190-01EF             60
        SFR0             0000-001F             20           1
        SFR1             0080-009F             20           1
        SFR2             0100-010F             10           1
        SFR3             0180-018F             10           1
        STACK            0110-016F             60           1
        STRCODE          0003-0003              1           2
                         07FB-07FF              5
                         0823-0AA0            27E
                         1000-1FFF           1000
        STRING           0003-0003              1           2
                         07FB-07FF              5
                         0823-0AA0            100
                         1000-1FFF            100

                                  Symbol Table

?__Umul8_16              cstackCOMMON 0073
?___awdiv                cstackCOMMON 0073
?___awmod                cstackBANK0  0024
?___fldiv                cstackBANK0  0044
?___flmul                cstackBANK0  002A
?___fltol                cstackBANK0  0044
?___lwdiv                cstackCOMMON 0073
?___lwmod                cstackCOMMON 0073
?___xxtofl               cstackCOMMON 0073
_ADC                     text3        0388
_ADC1A                   bssBANK0     006A
_ADC1ADRESH              bssBANK0     006F
_ADC1B                   bssBANK0     0068
_ADC1C                   bssBANK0     0066
_ADC2A                   bssBANK0     0062
_ADC2ADRESH              bssBANK0     006E
_ADC2B                   bssBANK0     0060
_ADC2C                   bssBANK0     005E
_ADCLA                   bssBANK1     00A4
_ADCLB                   bssBANK1     00A0
_ADCON0bits              (abs)        001F
_ADCON1bits              (abs)        009F
_ADCchar1A               bssBANK1     00D4
_ADCchar1B               bssBANK1     00CF
_ADCchar1C               bssBANK1     00CA
_ADCchar2A               bssBANK1     00BB
_ADCchar2B               bssBANK1     00B6
_ADCchar2C               bssBANK1     00B1
_ADRESH                  (abs)        001E
_ANSEL                   (abs)        0188
_ANSELH                  (abs)        0189
_Contador                bssCOMMON    0078
_Counter                 text23       0B27
_DCADC1                  bssBANK0     006C
_DCADC2                  bssBANK0     0064
_INTCONbits              (abs)        000B
_ISR                     text22       0AF1
_Lectura                 bssCOMMON    007A
_OSCCONbits              (abs)        008F
_PIE1bits                (abs)        008C
_PIR1bits                (abs)        000C
_PORTA                   (abs)        0005
_PORTB                   (abs)        0006
_PORTC                   (abs)        0007
_PORTD                   (abs)        0008
_PORTE                   (abs)        0009
_PUNTO1A                 bssBANK1     00C5
_PUNTO2A                 bssBANK1     00AC
_RCREG                   (abs)        001A
_RCSTA                   (abs)        0018
_RE0                     (abs)        0048
_RE1                     (abs)        0049
_RE2                     (abs)        004A
_SPBRG                   (abs)        0099
_SerialCom               text2        0ADC
_TRISA                   (abs)        0085
_TRISB                   (abs)        0086
_TRISC                   (abs)        0087
_TRISD                   (abs)        0088
_TRISE                   (abs)        0089
_TXSTA                   (abs)        0098
__Habs1                  abs1         0000
__Hbank0                 bank0        0000
__Hbank1                 bank1        0000
__Hbank2                 bank2        0000
__Hbank3                 bank3        0000
__HbssBANK0              bssBANK0     0000
__HbssBANK1              bssBANK1     0000
__HbssCOMMON             bssCOMMON    0000
__Hcinit                 cinit        0027
__Hclrtext               clrtext      0000
__Hcode                  code         0000
__Hcommon                common       0000
__Hconfig                config       2009
__HcstackBANK0           cstackBANK0  0000
__HcstackBANK1           cstackBANK1  0000
__HcstackCOMMON          cstackCOMMON 0000
__Heeprom_data           eeprom_data  0000
__Hend_init              end_init     000F
__Hfunctab               functab      0000
__Hinit                  init         000C
__Hintentry              intentry     000C
__Hmaintext              maintext     0000
__Hpowerup               powerup      0000
__Hram                   ram          0000
__Hreset_vec             reset_vec    0003
__Hsfr0                  sfr0         0000
__Hsfr1                  sfr1         0000
__Hsfr2                  sfr2         0000
__Hsfr3                  sfr3         0000
__Hspace_0               (abs)        1000
__Hspace_1               (abs)        00DD
__Hspace_2               (abs)        0000
__Hspace_3               (abs)        0000
__Hspace_4               (abs)        4010
__Hstack                 stack        0000
__Hstrings               strings      0000
__Htext                  text         0000
__Labs1                  abs1         0000
__Lbank0                 bank0        0000
__Lbank1                 bank1        0000
__Lbank2                 bank2        0000
__Lbank3                 bank3        0000
__LbssBANK0              bssBANK0     0000
__LbssBANK1              bssBANK1     0000
__LbssCOMMON             bssCOMMON    0000
__Lcinit                 cinit        000F
__Lclrtext               clrtext      0000
__Lcode                  code         0000
__Lcommon                common       0000
__Lconfig                config       0000
__LcstackBANK0           cstackBANK0  0000
__LcstackBANK1           cstackBANK1  0000
__LcstackCOMMON          cstackCOMMON 0000
__Leeprom_data           eeprom_data  0000
__Lend_init              end_init     000C
__Lfunctab               functab      0000
__Linit                  init         000C
__Lintentry              intentry     0004
__Lmaintext              maintext     0000
__Lpowerup               powerup      0000
__Lram                   ram          0000
__Lreset_vec             reset_vec    0000
__Lsfr0                  sfr0         0000
__Lsfr1                  sfr1         0000
__Lsfr2                  sfr2         0000
__Lsfr3                  sfr3         0000
__Lspace_0               (abs)        0000
__Lspace_1               (abs)        0000
__Lspace_2               (abs)        0000
__Lspace_3               (abs)        0000
__Lspace_4               (abs)        0000
__Lstack                 stack        0000
__Lstrings               strings      0000
__Ltext                  text         0000
__S0                     (abs)        1000
__S1                     (abs)        00DD
__S2                     (abs)        0000
__S3                     (abs)        0000
__Umul8_16               text18       0BB4
__Umul8_16@multiplicand  cstackCOMMON 0073
__Umul8_16@multiplier    cstackBANK0  0024
__Umul8_16@product       cstackBANK0  0020
__Umul8_16@word_mpld     cstackBANK0  0022
___awdiv                 text21       0D48
___awdiv@counter         cstackBANK0  0020
___awdiv@dividend        cstackCOMMON 0075
___awdiv@divisor         cstackCOMMON 0073
___awdiv@quotient        cstackBANK0  0022
___awdiv@sign            cstackBANK0  0021
___awmod                 text20       0CED
___awmod@counter         cstackBANK0  0029
___awmod@dividend        cstackBANK0  0026
___awmod@divisor         cstackBANK0  0024
___awmod@sign            cstackBANK0  002A
___fldiv                 text19       0E23
___fldiv@a               cstackBANK0  0044
___fldiv@aexp            cstackBANK0  005D
___fldiv@b               cstackBANK0  0048
___fldiv@bexp            cstackBANK0  005C
___fldiv@grs             cstackBANK0  0058
___fldiv@new_exp         cstackBANK0  0056
___fldiv@rem             cstackBANK0  0051
___fldiv@sign            cstackBANK0  0055
___flmul                 text17       0027
___flmul@a               cstackBANK0  002E
___flmul@aexp            cstackBANK0  003C
___flmul@b               cstackBANK0  002A
___flmul@bexp            cstackBANK0  003D
___flmul@grs             cstackBANK0  0038
___flmul@prod            cstackBANK0  003E
___flmul@sign            cstackBANK0  0037
___flmul@temp            cstackBANK0  0042
___fltol                 text16       077F
___fltol@exp1            cstackBANK0  004E
___fltol@f1              cstackBANK0  0044
___fltol@sign1           cstackBANK0  004D
___int_sp                stack        0000
___latbits               (abs)        0002
___lwdiv                 text14       0CA7
___lwdiv@counter         cstackBANK0  0020
___lwdiv@dividend        cstackCOMMON 0075
___lwdiv@divisor         cstackCOMMON 0073
___lwdiv@quotient        cstackBANK0  0021
___lwmod                 text13       0C6B
___lwmod@counter         cstackBANK0  0020
___lwmod@dividend        cstackCOMMON 0075
___lwmod@divisor         cstackCOMMON 0073
___sp                    stack        0000
___stackhi               (abs)        0000
___stacklo               (abs)        0000
___xxtofl                text15       06C3
___xxtofl@arg            cstackBANK0  0026
___xxtofl@exp            cstackBANK0  0025
___xxtofl@sign           cstackBANK0  0024
___xxtofl@val            cstackCOMMON 0073
__end_of_ADC             text3        06C3
__end_of_Counter         text23       0B47
__end_of_ISR             text22       0B08
__end_of_SerialCom       text2        0AF1
__end_of__Umul8_16       text18       0BDD
__end_of___awdiv         text21       0DB1
__end_of___awmod         text20       0D48
__end_of___fldiv         text19       1000
__end_of___flmul         text17       0388
__end_of___fltol         text16       07FB
__end_of___lwdiv         text14       0CED
__end_of___lwmod         text13       0CA7
__end_of___xxtofl        text15       077F
__end_of__initialization cinit        0023
__end_of__stringtab      strings      0810
__end_of_inicializacion  text1        0B27
__end_of_itoa            text11       0B8E
__end_of_lcd_cmd         text8        0ACA
__end_of_lcd_dwr         text7        0ADC
__end_of_lcd_lat         text10       0AB8
__end_of_lcd_msg         text6        0BB4
__end_of_lcd_ready       text9        0C06
__end_of_main            maintext     0C37
__end_of_strcat          text5        0C6B
__end_of_strcpy          text4        0B68
__end_of_utoa            text12       0E23
__initialization         cinit        000F
__pbssBANK0              bssBANK0     005E
__pbssBANK1              bssBANK1     00A0
__pbssCOMMON             bssCOMMON    0078
__pcstackBANK0           cstackBANK0  0020
__pcstackBANK1           cstackBANK1  00D9
__pcstackCOMMON          cstackCOMMON 0070
__pintentry              intentry     0004
__pmaintext              maintext     0C06
__pstrings               strings      0800
__ptext1                 text1        0B08
__ptext10                text10       0AA9
__ptext11                text11       0B68
__ptext12                text12       0DB1
__ptext13                text13       0C6B
__ptext14                text14       0CA7
__ptext15                text15       06C3
__ptext16                text16       077F
__ptext17                text17       0027
__ptext18                text18       0BB4
__ptext19                text19       0E23
__ptext2                 text2        0ADC
__ptext20                text20       0CED
__ptext21                text21       0D48
__ptext22                text22       0AF1
__ptext23                text23       0B27
__ptext3                 text3        0388
__ptext4                 text4        0B47
__ptext5                 text5        0C37
__ptext6                 text6        0B8E
__ptext7                 text7        0ACA
__ptext8                 text8        0AB8
__ptext9                 text9        0BDD
__size_of_ADC            (abs)        0000
__size_of_Counter        (abs)        0000
__size_of_ISR            (abs)        0000
__size_of_SerialCom      (abs)        0000
__size_of__Umul8_16      (abs)        0000
__size_of___awdiv        (abs)        0000
__size_of___awmod        (abs)        0000
__size_of___fldiv        (abs)        0000
__size_of___flmul        (abs)        0000
__size_of___fltol        (abs)        0000
__size_of___lwdiv        (abs)        0000
__size_of___lwmod        (abs)        0000
__size_of___xxtofl       (abs)        0000
__size_of_inicializacion (abs)        0000
__size_of_itoa           (abs)        0000
__size_of_lcd_cmd        (abs)        0000
__size_of_lcd_dwr        (abs)        0000
__size_of_lcd_lat        (abs)        0000
__size_of_lcd_msg        (abs)        0000
__size_of_lcd_ready      (abs)        0000
__size_of_main           (abs)        0000
__size_of_strcat         (abs)        0000
__size_of_strcpy         (abs)        0000
__size_of_utoa           (abs)        0000
__stringbase             strings      080F
__stringtab              strings      0800
_inicializacion          text1        0B08
_itoa                    text11       0B68
_lcd_cmd                 text8        0AB8
_lcd_dwr                 text7        0ACA
_lcd_lat                 text10       0AA9
_lcd_msg                 text6        0B8E
_lcd_ready               text9        0BDD
_main                    maintext     0C06
_strcat                  text5        0C37
_strcpy                  text4        0B47
_test                    bssBANK1     00C0
_utoa                    text12       0DB1
btemp                    (abs)        007E
clear_ram0               clrtext      0AA1
end_of_initialization    cinit        0023
interrupt_function       intentry     0004
intlevel0                functab      0000
intlevel1                functab      0000
intlevel2                functab      0000
intlevel3                functab      0000
intlevel4                functab      0000
intlevel5                functab      0000
itoa@base                cstackBANK0  002E
itoa@buf                 cstackBANK0  0032
itoa@val                 cstackBANK0  002C
lcd_cmd@x                cstackCOMMON 0075
lcd_dwr@x                cstackCOMMON 0075
lcd_msg@c                cstackCOMMON 0076
reset_vec                reset_vec    0000
saved_w                  (abs)        007E
start                    init         000C
start_initialization     cinit        000F
strcat@cp                cstackBANK0  0020
strcat@from              cstackCOMMON 0075
strcat@to                cstackCOMMON 0073
strcpy@cp                cstackCOMMON 0075
strcpy@from              cstackCOMMON 0073
strcpy@to                cstackCOMMON 0076
utoa@base                cstackBANK0  0025
utoa@buf                 cstackBANK0  002B
utoa@c                   cstackBANK0  002A
utoa@v                   cstackBANK0  0028
utoa@val                 cstackBANK0  0023
wtemp0                   (abs)        007E


FUNCTION INFORMATION:

 *************** function _main *****************
 Defined at:
		line 45 in file "main.c"
 Parameters:    Size  Location     Type
		None
 Auto vars:     Size  Location     Type
		None
 Return value:  Size  Location     Type
                  1    wreg      void 
 Registers used:
		wreg, fsr0l, fsr0h, status,2, status,0, btemp+1, pclath, cstack
 Tracked objects:
		On entry : 
		On exit  : 
		Unchanged: 
 Data sizes:     COMMON   BANK0   BANK1   BANK3   BANK2
      Params:         0       0       0       0       0
      Locals:         0       0       0       0       0
      Temps:          0       0       0       0       0
      Totals:         0       0       0       0       0
Total ram usage:        0 bytes
 Hardware stack levels required when called:    6
 This function calls:
		_ADC
		_SerialCom
		_inicializacion
 This function is called by:
		Startup code after reset
 This function uses a non-reentrant model


 *************** function _inicializacion *****************
 Defined at:
		line 55 in file "LCD.c"
 Parameters:    Size  Location     Type
		None
 Auto vars:     Size  Location     Type
		None
 Return value:  Size  Location     Type
                  1    wreg      void 
 Registers used:
		wreg, status,2, status,0, pclath, cstack
 Tracked objects:
		On entry : 
		On exit  : 
		Unchanged: 
 Data sizes:     COMMON   BANK0   BANK1   BANK3   BANK2
      Params:         0       0       0       0       0
      Locals:         0       0       0       0       0
      Temps:          0       0       0       0       0
      Totals:         0       0       0       0       0
Total ram usage:        0 bytes
 Hardware stack levels used:    1
 Hardware stack levels required when called:    4
 This function calls:
		_lcd_cmd
 This function is called by:
		_main
 This function uses a non-reentrant model


 *************** function _SerialCom *****************
 Defined at:
		line 54 in file "adc.c"
 Parameters:    Size  Location     Type
		None
 Auto vars:     Size  Location     Type
		None
 Return value:  Size  Location     Type
                  1    wreg      void 
 Registers used:
		wreg
 Tracked objects:
		On entry : 
		On exit  : 
		Unchanged: 
 Data sizes:     COMMON   BANK0   BANK1   BANK3   BANK2
      Params:         0       0       0       0       0
      Locals:         0       0       0       0       0
      Temps:          0       0       0       0       0
      Totals:         0       0       0       0       0
Total ram usage:        0 bytes
 Hardware stack levels used:    1
 Hardware stack levels required when called:    2
 This function calls:
		Nothing
 This function is called by:
		_main
 This function uses a non-reentrant model


 *************** function _ADC *****************
 Defined at:
		line 89 in file "adc.c"
 Parameters:    Size  Location     Type
		None
 Auto vars:     Size  Location     Type
		None
 Return value:  Size  Location     Type
                  1    wreg      void 
 Registers used:
		wreg, fsr0l, fsr0h, status,2, status,0, btemp+1, pclath, cstack
 Tracked objects:
		On entry : 
		On exit  : 
		Unchanged: 
 Data sizes:     COMMON   BANK0   BANK1   BANK3   BANK2
      Params:         0       0       0       0       0
      Locals:         0       0       0       0       0
      Temps:          0       0       4       0       0
      Totals:         0       0       4       0       0
Total ram usage:        4 bytes
 Hardware stack levels used:    1
 Hardware stack levels required when called:    5
 This function calls:
		___awdiv
		___awmod
		___fldiv
		___flmul
		___fltol
		___xxtofl
		_itoa
		_lcd_cmd
		_lcd_msg
		_strcat
		_strcpy
 This function is called by:
		_main
 This function uses a non-reentrant model


 *************** function _strcpy *****************
 Defined at:
		line 8 in file "C:\Program Files\Microchip\xc8\v2.31\pic\sources\c90\common\strcpy.c"
 Parameters:    Size  Location     Type
  to              1    wreg     PTR unsigned char 
		 -> test(5), PUNTO2A(5), PUNTO1A(5), 
  from            1    3[COMMON] PTR const unsigned char 
		 -> STR_4(2), STR_3(2), STR_2(2), 
 Auto vars:     Size  Location     Type
  to              1    6[COMMON] PTR unsigned char 
		 -> test(5), PUNTO2A(5), PUNTO1A(5), 
  cp              1    5[COMMON] PTR unsigned char 
		 -> test(5), PUNTO2A(5), PUNTO1A(5), 
 Return value:  Size  Location     Type
                  1    wreg      PTR unsigned char 
 Registers used:
		wreg, fsr0l, fsr0h, status,2, status,0, pclath
 Tracked objects:
		On entry : 
		On exit  : 
		Unchanged: 
 Data sizes:     COMMON   BANK0   BANK1   BANK3   BANK2
      Params:         1       0       0       0       0
      Locals:         2       0       0       0       0
      Temps:          1       0       0       0       0
      Totals:         4       0       0       0       0
Total ram usage:        4 bytes
 Hardware stack levels used:    1
 Hardware stack levels required when called:    2
 This function calls:
		Nothing
 This function is called by:
		_ADC
 This function uses a non-reentrant model


 *************** function _strcat *****************
 Defined at:
		line 8 in file "C:\Program Files\Microchip\xc8\v2.31\pic\sources\c90\common\strcat.c"
 Parameters:    Size  Location     Type
  to              2    3[COMMON] PTR unsigned char 
		 -> RAM(512), PUNTO2A(5), ADCchar2C(5), ADCchar2B(5), 
		 -> PUNTO1A(5), ADCchar1C(5), ADCchar1B(5), 
  from            1    5[COMMON] PTR const unsigned char 
		 -> test(5), PUNTO2A(5), ADCchar2B(5), ADCchar2A(5), 
		 -> PUNTO1A(5), ADCchar1B(5), ADCchar1A(5), 
 Auto vars:     Size  Location     Type
  cp              2    0[BANK0 ] PTR unsigned char 
		 -> RAM(512), PUNTO2A(5), ADCchar2C(5), ADCchar2B(5), 
		 -> PUNTO1A(5), ADCchar1C(5), ADCchar1B(5), 
 Return value:  Size  Location     Type
                  2    3[COMMON] PTR unsigned char 
 Registers used:
		wreg, fsr0l, fsr0h, status,2, status,0
 Tracked objects:
		On entry : 
		On exit  : 
		Unchanged: 
 Data sizes:     COMMON   BANK0   BANK1   BANK3   BANK2
      Params:         3       0       0       0       0
      Locals:         0       2       0       0       0
      Temps:          1       0       0       0       0
      Totals:         4       2       0       0       0
Total ram usage:        6 bytes
 Hardware stack levels used:    1
 Hardware stack levels required when called:    2
 This function calls:
		Nothing
 This function is called by:
		_ADC
 This function uses a non-reentrant model


 *************** function _lcd_msg *****************
 Defined at:
		line 50 in file "LCD.c"
 Parameters:    Size  Location     Type
  c               2    6[COMMON] PTR unsigned char 
		 -> STR_6(3), STR_5(3), RAM(512), ADCchar2C(5), 
		 -> ADCchar1C(5), STR_1(14), 
 Auto vars:     Size  Location     Type
		None
 Return value:  Size  Location     Type
                  1    wreg      void 
 Registers used:
		wreg, fsr0l, fsr0h, status,2, status,0, btemp+1, pclath, cstack
 Tracked objects:
		On entry : 
		On exit  : 
		Unchanged: 
 Data sizes:     COMMON   BANK0   BANK1   BANK3   BANK2
      Params:         2       0       0       0       0
      Locals:         0       0       0       0       0
      Temps:          0       0       0       0       0
      Totals:         2       0       0       0       0
Total ram usage:        2 bytes
 Hardware stack levels used:    1
 Hardware stack levels required when called:    4
 This function calls:
		_lcd_dwr
 This function is called by:
		_ADC
 This function uses a non-reentrant model


 *************** function _lcd_dwr *****************
 Defined at:
		line 42 in file "LCD.c"
 Parameters:    Size  Location     Type
  x               1    wreg     unsigned char 
 Auto vars:     Size  Location     Type
  x               1    5[COMMON] unsigned char 
 Return value:  Size  Location     Type
                  1    wreg      void 
 Registers used:
		wreg, status,2, status,0, pclath, cstack
 Tracked objects:
		On entry : 
		On exit  : 
		Unchanged: 
 Data sizes:     COMMON   BANK0   BANK1   BANK3   BANK2
      Params:         0       0       0       0       0
      Locals:         1       0       0       0       0
      Temps:          0       0       0       0       0
      Totals:         1       0       0       0       0
Total ram usage:        1 bytes
 Hardware stack levels used:    1
 Hardware stack levels required when called:    3
 This function calls:
		_lcd_lat
		_lcd_ready
 This function is called by:
		_lcd_msg
 This function uses a non-reentrant model


 *************** function _lcd_cmd *****************
 Defined at:
		line 12 in file "LCD.c"
 Parameters:    Size  Location     Type
  x               1    wreg     unsigned char 
 Auto vars:     Size  Location     Type
  x               1    5[COMMON] unsigned char 
 Return value:  Size  Location     Type
                  1    wreg      void 
 Registers used:
		wreg, status,2, status,0, pclath, cstack
 Tracked objects:
		On entry : 
		On exit  : 
		Unchanged: 
 Data sizes:     COMMON   BANK0   BANK1   BANK3   BANK2
      Params:         0       0       0       0       0
      Locals:         1       0       0       0       0
      Temps:          0       0       0       0       0
      Totals:         1       0       0       0       0
Total ram usage:        1 bytes
 Hardware stack levels used:    1
 Hardware stack levels required when called:    3
 This function calls:
		_lcd_lat
		_lcd_ready
 This function is called by:
		_inicializacion
		_ADC
 This function uses a non-reentrant model


 *************** function _lcd_ready *****************
 Defined at:
		line 25 in file "LCD.c"
 Parameters:    Size  Location     Type
		None
 Auto vars:     Size  Location     Type
		None
 Return value:  Size  Location     Type
                  1    wreg      void 
 Registers used:
		wreg, status,2, status,0
 Tracked objects:
		On entry : 
		On exit  : 
		Unchanged: 
 Data sizes:     COMMON   BANK0   BANK1   BANK3   BANK2
      Params:         0       0       0       0       0
      Locals:         0       0       0       0       0
      Temps:          2       0       0       0       0
      Totals:         2       0       0       0       0
Total ram usage:        2 bytes
 Hardware stack levels used:    1
 Hardware stack levels required when called:    2
 This function calls:
		Nothing
 This function is called by:
		_lcd_cmd
		_lcd_dwr
 This function uses a non-reentrant model


 *************** function _lcd_lat *****************
 Defined at:
		line 20 in file "LCD.c"
 Parameters:    Size  Location     Type
		None
 Auto vars:     Size  Location     Type
		None
 Return value:  Size  Location     Type
                  1    wreg      void 
 Registers used:
		wreg
 Tracked objects:
		On entry : 
		On exit  : 
		Unchanged: 
 Data sizes:     COMMON   BANK0   BANK1   BANK3   BANK2
      Params:         0       0       0       0       0
      Locals:         0       0       0       0       0
      Temps:          2       0       0       0       0
      Totals:         2       0       0       0       0
Total ram usage:        2 bytes
 Hardware stack levels used:    1
 Hardware stack levels required when called:    2
 This function calls:
		Nothing
 This function is called by:
		_lcd_cmd
		_lcd_dwr
 This function uses a non-reentrant model


 *************** function _itoa *****************
 Defined at:
		line 4 in file "C:\Program Files\Microchip\xc8\v2.31\pic\sources\c90\common\itoa.c"
 Parameters:    Size  Location     Type
  buf             1    wreg     PTR unsigned char 
		 -> ADCchar2C(5), ADCchar2B(5), ADCchar2A(5), ADCchar1C(5), 
		 -> ADCchar1B(5), ADCchar1A(5), 
  val             2   12[BANK0 ] int 
  base            2   14[BANK0 ] int 
 Auto vars:     Size  Location     Type
  buf             1   18[BANK0 ] PTR unsigned char 
		 -> ADCchar2C(5), ADCchar2B(5), ADCchar2A(5), ADCchar1C(5), 
		 -> ADCchar1B(5), ADCchar1A(5), 
  cp              1    0        PTR unsigned char 
		 -> ADCchar2C(5), ADCchar2B(5), ADCchar2A(5), ADCchar1C(5), 
		 -> ADCchar1B(5), ADCchar1A(5), 
 Return value:  Size  Location     Type
                  1    wreg      PTR unsigned char 
 Registers used:
		wreg, fsr0l, fsr0h, status,2, status,0, pclath, cstack
 Tracked objects:
		On entry : 
		On exit  : 
		Unchanged: 
 Data sizes:     COMMON   BANK0   BANK1   BANK3   BANK2
      Params:         0       4       0       0       0
      Locals:         0       2       0       0       0
      Temps:          0       1       0       0       0
      Totals:         0       7       0       0       0
Total ram usage:        7 bytes
 Hardware stack levels used:    1
 Hardware stack levels required when called:    4
 This function calls:
		_utoa
 This function is called by:
		_ADC
 This function uses a non-reentrant model


 *************** function _utoa *****************
 Defined at:
		line 17 in file "C:\Program Files\Microchip\xc8\v2.31\pic\sources\c90\common\itoa.c"
 Parameters:    Size  Location     Type
  buf             1    wreg     PTR unsigned char 
		 -> ADCchar2C(5), ADCchar2B(5), ADCchar2A(5), ADCchar1C(5), 
		 -> ADCchar1B(5), ADCchar1A(5), 
  val             2    3[BANK0 ] unsigned int 
  base            2    5[BANK0 ] int 
 Auto vars:     Size  Location     Type
  buf             1   11[BANK0 ] PTR unsigned char 
		 -> ADCchar2C(5), ADCchar2B(5), ADCchar2A(5), ADCchar1C(5), 
		 -> ADCchar1B(5), ADCchar1A(5), 
  v               2    8[BANK0 ] unsigned int 
  c               1   10[BANK0 ] unsigned char 
 Return value:  Size  Location     Type
                  1    wreg      PTR unsigned char 
 Registers used:
		wreg, fsr0l, fsr0h, status,2, status,0, pclath, cstack
 Tracked objects:
		On entry : 
		On exit  : 
		Unchanged: 
 Data sizes:     COMMON   BANK0   BANK1   BANK3   BANK2
      Params:         0       4       0       0       0
      Locals:         0       4       0       0       0
      Temps:          0       1       0       0       0
      Totals:         0       9       0       0       0
Total ram usage:        9 bytes
 Hardware stack levels used:    1
 Hardware stack levels required when called:    3
 This function calls:
		___lwdiv
		___lwmod
 This function is called by:
		_itoa
 This function uses a non-reentrant model


 *************** function ___lwmod *****************
 Defined at:
		line 5 in file "C:\Program Files\Microchip\xc8\v2.31\pic\sources\c90\common\lwmod.c"
 Parameters:    Size  Location     Type
  divisor         2    3[COMMON] unsigned int 
  dividend        2    5[COMMON] unsigned int 
 Auto vars:     Size  Location     Type
  counter         1    0[BANK0 ] unsigned char 
 Return value:  Size  Location     Type
                  2    3[COMMON] unsigned int 
 Registers used:
		wreg, status,2, status,0
 Tracked objects:
		On entry : 
		On exit  : 
		Unchanged: 
 Data sizes:     COMMON   BANK0   BANK1   BANK3   BANK2
      Params:         4       0       0       0       0
      Locals:         0       1       0       0       0
      Temps:          1       0       0       0       0
      Totals:         5       1       0       0       0
Total ram usage:        6 bytes
 Hardware stack levels used:    1
 Hardware stack levels required when called:    2
 This function calls:
		Nothing
 This function is called by:
		_utoa
 This function uses a non-reentrant model


 *************** function ___lwdiv *****************
 Defined at:
		line 5 in file "C:\Program Files\Microchip\xc8\v2.31\pic\sources\c90\common\lwdiv.c"
 Parameters:    Size  Location     Type
  divisor         2    3[COMMON] unsigned int 
  dividend        2    5[COMMON] unsigned int 
 Auto vars:     Size  Location     Type
  quotient        2    1[BANK0 ] unsigned int 
  counter         1    0[BANK0 ] unsigned char 
 Return value:  Size  Location     Type
                  2    3[COMMON] unsigned int 
 Registers used:
		wreg, status,2, status,0
 Tracked objects:
		On entry : 
		On exit  : 
		Unchanged: 
 Data sizes:     COMMON   BANK0   BANK1   BANK3   BANK2
      Params:         4       0       0       0       0
      Locals:         0       3       0       0       0
      Temps:          1       0       0       0       0
      Totals:         5       3       0       0       0
Total ram usage:        8 bytes
 Hardware stack levels used:    1
 Hardware stack levels required when called:    2
 This function calls:
		Nothing
 This function is called by:
		_utoa
 This function uses a non-reentrant model


 *************** function ___xxtofl *****************
 Defined at:
		line 10 in file "C:\Program Files\Microchip\xc8\v2.31\pic\sources\c90\common\xxtofl.c"
 Parameters:    Size  Location     Type
  sign            1    wreg     unsigned char 
  val             4    3[COMMON] long 
 Auto vars:     Size  Location     Type
  sign            1    4[BANK0 ] unsigned char 
  arg             4    6[BANK0 ] unsigned long 
  exp             1    5[BANK0 ] unsigned char 
 Return value:  Size  Location     Type
                  4    3[COMMON] unsigned char 
 Registers used:
		wreg, status,2, status,0
 Tracked objects:
		On entry : 
		On exit  : 
		Unchanged: 
 Data sizes:     COMMON   BANK0   BANK1   BANK3   BANK2
      Params:         4       0       0       0       0
      Locals:         0       6       0       0       0
      Temps:          0       4       0       0       0
      Totals:         4      10       0       0       0
Total ram usage:       14 bytes
 Hardware stack levels used:    1
 Hardware stack levels required when called:    2
 This function calls:
		Nothing
 This function is called by:
		_ADC
 This function uses a non-reentrant model


 *************** function ___fltol *****************
 Defined at:
		line 43 in file "C:\Program Files\Microchip\xc8\v2.31\pic\sources\c90\common\fltol.c"
 Parameters:    Size  Location     Type
  f1              4   36[BANK0 ] unsigned char 
 Auto vars:     Size  Location     Type
  exp1            1   46[BANK0 ] unsigned char 
  sign1           1   45[BANK0 ] unsigned char 
 Return value:  Size  Location     Type
                  4   36[BANK0 ] long 
 Registers used:
		wreg, status,2, status,0
 Tracked objects:
		On entry : 
		On exit  : 
		Unchanged: 
 Data sizes:     COMMON   BANK0   BANK1   BANK3   BANK2
      Params:         0       4       0       0       0
      Locals:         0       2       0       0       0
      Temps:          0       5       0       0       0
      Totals:         0      11       0       0       0
Total ram usage:       11 bytes
 Hardware stack levels used:    1
 Hardware stack levels required when called:    2
 This function calls:
		Nothing
 This function is called by:
		_ADC
 This function uses a non-reentrant model


 *************** function ___flmul *****************
 Defined at:
		line 8 in file "C:\Program Files\Microchip\xc8\v2.31\pic\sources\c90\common\sprcmul.c"
 Parameters:    Size  Location     Type
  b               4   10[BANK0 ] long 
  a               4   14[BANK0 ] long 
 Auto vars:     Size  Location     Type
  prod            4   30[BANK0 ] struct .
  grs             4   24[BANK0 ] unsigned long 
  temp            2   34[BANK0 ] struct .
  bexp            1   29[BANK0 ] unsigned char 
  aexp            1   28[BANK0 ] unsigned char 
  sign            1   23[BANK0 ] unsigned char 
 Return value:  Size  Location     Type
                  4   10[BANK0 ] unsigned char 
 Registers used:
		wreg, status,2, status,0, btemp+1, pclath, cstack
 Tracked objects:
		On entry : 
		On exit  : 
		Unchanged: 
 Data sizes:     COMMON   BANK0   BANK1   BANK3   BANK2
      Params:         0       8       0       0       0
      Locals:         0      13       0       0       0
      Temps:          0       5       0       0       0
      Totals:         0      26       0       0       0
Total ram usage:       26 bytes
 Hardware stack levels used:    1
 Hardware stack levels required when called:    3
 This function calls:
		__Umul8_16
 This function is called by:
		_ADC
 This function uses a non-reentrant model


 *************** function __Umul8_16 *****************
 Defined at:
		line 4 in file "C:\Program Files\Microchip\xc8\v2.31\pic\sources\c90\common\Umul8_16.c"
 Parameters:    Size  Location     Type
  multiplier      1    wreg     unsigned char 
  multiplicand    1    3[COMMON] unsigned char 
 Auto vars:     Size  Location     Type
  multiplier      1    4[BANK0 ] unsigned char 
  word_mpld       2    2[BANK0 ] unsigned int 
  product         2    0[BANK0 ] unsigned int 
 Return value:  Size  Location     Type
                  2    3[COMMON] unsigned int 
 Registers used:
		wreg, status,2, status,0
 Tracked objects:
		On entry : 
		On exit  : 
		Unchanged: 
 Data sizes:     COMMON   BANK0   BANK1   BANK3   BANK2
      Params:         2       0       0       0       0
      Locals:         0       5       0       0       0
      Temps:          2       0       0       0       0
      Totals:         4       5       0       0       0
Total ram usage:        9 bytes
 Hardware stack levels used:    1
 Hardware stack levels required when called:    2
 This function calls:
		Nothing
 This function is called by:
		___flmul
 This function uses a non-reentrant model


 *************** function ___fldiv *****************
 Defined at:
		line 8 in file "C:\Program Files\Microchip\xc8\v2.31\pic\sources\c90\common\sprcdiv.c"
 Parameters:    Size  Location     Type
  a               4   36[BANK0 ] unsigned int 
  b               4   40[BANK0 ] unsigned int 
 Auto vars:     Size  Location     Type
  grs             4   56[BANK0 ] unsigned long 
  rem             4   49[BANK0 ] unsigned long 
  new_exp         2   54[BANK0 ] int 
  aexp            1   61[BANK0 ] unsigned char 
  bexp            1   60[BANK0 ] unsigned char 
  sign            1   53[BANK0 ] unsigned char 
 Return value:  Size  Location     Type
                  4   36[BANK0 ] unsigned char 
 Registers used:
		wreg, status,2, status,0, btemp+1
 Tracked objects:
		On entry : 
		On exit  : 
		Unchanged: 
 Data sizes:     COMMON   BANK0   BANK1   BANK3   BANK2
      Params:         0       8       0       0       0
      Locals:         0      13       0       0       0
      Temps:          0       5       0       0       0
      Totals:         0      26       0       0       0
Total ram usage:       26 bytes
 Hardware stack levels used:    1
 Hardware stack levels required when called:    2
 This function calls:
		Nothing
 This function is called by:
		_ADC
 This function uses a non-reentrant model


 *************** function ___awmod *****************
 Defined at:
		line 5 in file "C:\Program Files\Microchip\xc8\v2.31\pic\sources\c90\common\awmod.c"
 Parameters:    Size  Location     Type
  divisor         2    4[BANK0 ] int 
  dividend        2    6[BANK0 ] int 
 Auto vars:     Size  Location     Type
  sign            1   10[BANK0 ] unsigned char 
  counter         1    9[BANK0 ] unsigned char 
 Return value:  Size  Location     Type
                  2    4[BANK0 ] int 
 Registers used:
		wreg, status,2, status,0
 Tracked objects:
		On entry : 
		On exit  : 
		Unchanged: 
 Data sizes:     COMMON   BANK0   BANK1   BANK3   BANK2
      Params:         0       4       0       0       0
      Locals:         0       2       0       0       0
      Temps:          0       1       0       0       0
      Totals:         0       7       0       0       0
Total ram usage:        7 bytes
 Hardware stack levels used:    1
 Hardware stack levels required when called:    2
 This function calls:
		Nothing
 This function is called by:
		_ADC
 This function uses a non-reentrant model


 *************** function ___awdiv *****************
 Defined at:
		line 5 in file "C:\Program Files\Microchip\xc8\v2.31\pic\sources\c90\common\awdiv.c"
 Parameters:    Size  Location     Type
  divisor         2    3[COMMON] int 
  dividend        2    5[COMMON] int 
 Auto vars:     Size  Location     Type
  quotient        2    2[BANK0 ] int 
  sign            1    1[BANK0 ] unsigned char 
  counter         1    0[BANK0 ] unsigned char 
 Return value:  Size  Location     Type
                  2    3[COMMON] int 
 Registers used:
		wreg, status,2, status,0
 Tracked objects:
		On entry : 
		On exit  : 
		Unchanged: 
 Data sizes:     COMMON   BANK0   BANK1   BANK3   BANK2
      Params:         4       0       0       0       0
      Locals:         0       4       0       0       0
      Temps:          1       0       0       0       0
      Totals:         5       4       0       0       0
Total ram usage:        9 bytes
 Hardware stack levels used:    1
 Hardware stack levels required when called:    2
 This function calls:
		Nothing
 This function is called by:
		_ADC
 This function uses a non-reentrant model


 *************** function _ISR *****************
 Defined at:
		line 80 in file "adc.c"
 Parameters:    Size  Location     Type
		None
 Auto vars:     Size  Location     Type
		None
 Return value:  Size  Location     Type
                  1    wreg      void 
 Registers used:
		wreg, status,2, status,0, pclath, cstack
 Tracked objects:
		On entry : 
		On exit  : 
		Unchanged: 
 Data sizes:     COMMON   BANK0   BANK1   BANK3   BANK2
      Params:         0       0       0       0       0
      Locals:         0       0       0       0       0
      Temps:          3       0       0       0       0
      Totals:         3       0       0       0       0
Total ram usage:        3 bytes
 Hardware stack levels used:    1
 Hardware stack levels required when called:    1
 This function calls:
		_Counter
 This function is called by:
		Interrupt level 1
 This function uses a non-reentrant model


 *************** function _Counter *****************
 Defined at:
		line 68 in file "adc.c"
 Parameters:    Size  Location     Type
		None
 Auto vars:     Size  Location     Type
		None
 Return value:  Size  Location     Type
                  1    wreg      void 
 Registers used:
		wreg, status,2, status,0
 Tracked objects:
		On entry : 
		On exit  : 
		Unchanged: 
 Data sizes:     COMMON   BANK0   BANK1   BANK3   BANK2
      Params:         0       0       0       0       0
      Locals:         0       0       0       0       0
      Temps:          0       0       0       0       0
      Totals:         0       0       0       0       0
Total ram usage:        0 bytes
 Hardware stack levels used:    1
 This function calls:
		Nothing
 This function is called by:
		_ISR
 This function uses a non-reentrant model



MODULE INFORMATION

Module		Function		Class		Link	Load	Size
C:\Program Files\Microchip\xc8\v2.31\pic\sources\c90\common\sprcmul.c
		___flmul       		CODE           	0027	0000	865

C:\Program Files\Microchip\xc8\v2.31\pic\sources\c90\common\sprcmul.c estimated size: 865

C:\Program Files\Microchip\xc8\v2.31\pic\sources\c90\common\sprcdiv.c
		___fldiv       		CODE           	0E23	0000	477

C:\Program Files\Microchip\xc8\v2.31\pic\sources\c90\common\sprcdiv.c estimated size: 477

C:\Program Files\Microchip\xc8\v2.31\pic\sources\c90\common\Umul8_16.c
		__Umul8_16     		CODE           	0BB4	0000	41

C:\Program Files\Microchip\xc8\v2.31\pic\sources\c90\common\Umul8_16.c estimated size: 41

C:\Program Files\Microchip\xc8\v2.31\pic\sources\c90\common\lwmod.c
		___lwmod       		CODE           	0C6B	0000	60

C:\Program Files\Microchip\xc8\v2.31\pic\sources\c90\common\lwmod.c estimated size: 60

C:\Program Files\Microchip\xc8\v2.31\pic\sources\c90\common\awmod.c
		___awmod       		CODE           	0CED	0000	91

C:\Program Files\Microchip\xc8\v2.31\pic\sources\c90\common\awmod.c estimated size: 91

adc.c
		_ADC           		CODE           	0388	0000	827
		_ISR           		CODE           	0AF1	0000	23
		_Counter       		CODE           	0B27	0000	32
		_SerialCom     		CODE           	0ADC	0000	21

adc.c estimated size: 903

C:\Program Files\Microchip\xc8\v2.31\pic\sources\c90\common\strcat.c
		_strcat        		CODE           	0C37	0000	52

C:\Program Files\Microchip\xc8\v2.31\pic\sources\c90\common\strcat.c estimated size: 52

C:\Program Files\Microchip\xc8\v2.31\pic\sources\c90\common\lwdiv.c
		___lwdiv       		CODE           	0CA7	0000	70

C:\Program Files\Microchip\xc8\v2.31\pic\sources\c90\common\lwdiv.c estimated size: 70

C:\Program Files\Microchip\xc8\v2.31\pic\sources\c90\common\awdiv.c
		___awdiv       		CODE           	0D48	0000	105

C:\Program Files\Microchip\xc8\v2.31\pic\sources\c90\common\awdiv.c estimated size: 105

shared
		__stringtab    		STRING         	0800	0000	16
		__initialization		CODE           	000F	0000	20

shared estimated size: 36

C:\Program Files\Microchip\xc8\v2.31\pic\sources\c90\common\fltol.c
		___fltol       		CODE           	077F	0000	124

C:\Program Files\Microchip\xc8\v2.31\pic\sources\c90\common\fltol.c estimated size: 124

C:\Program Files\Microchip\xc8\v2.31\pic\sources\c90\common\xxtofl.c
		___xxtofl      		CODE           	06C3	0000	188

C:\Program Files\Microchip\xc8\v2.31\pic\sources\c90\common\xxtofl.c estimated size: 188

C:\Program Files\Microchip\xc8\v2.31\pic\sources\c90\common\strcpy.c
		_strcpy        		CODE           	0B47	0000	33

C:\Program Files\Microchip\xc8\v2.31\pic\sources\c90\common\strcpy.c estimated size: 33

C:\Program Files\Microchip\xc8\v2.31\pic\sources\c90\common\itoa.c
		_itoa          		CODE           	0B68	0000	38
		_utoa          		CODE           	0DB1	0000	114

C:\Program Files\Microchip\xc8\v2.31\pic\sources\c90\common\itoa.c estimated size: 152

main.c
		_main          		CODE           	0C06	0000	49

main.c estimated size: 49

LCD.c
		_lcd_cmd       		CODE           	0AB8	0000	18
		_lcd_dwr       		CODE           	0ACA	0000	18
		_lcd_lat       		CODE           	0AA9	0000	15
		_inicializacion		CODE           	0B08	0000	31
		_lcd_ready     		CODE           	0BDD	0000	41
		_lcd_msg       		CODE           	0B8E	0000	38

LCD.c estimated size: 161

